Archive member included because of file (symbol)

../emb6_bsp/\libhal_bsp.a(alt_irq_register.o)
                              obj/default/hello_world_small.o (alt_irq_register)
../emb6_bsp/\libhal_bsp.a(alt_irq_vars.o)
                              ../emb6_bsp/\libhal_bsp.a(alt_irq_register.o) (alt_irq_active)
../emb6_bsp/\libhal_bsp.a(alt_load.o)
                              ../emb6_bsp//obj/HAL/src/crt0.o (alt_load)
../emb6_bsp/\libhal_bsp.a(alt_main.o)
                              ../emb6_bsp//obj/HAL/src/crt0.o (alt_main)
../emb6_bsp/\libhal_bsp.a(alt_usleep.o)
                              obj/default/hello_world_small.o (usleep)
../emb6_bsp/\libhal_bsp.a(alt_sys_init.o)
                              ../emb6_bsp/\libhal_bsp.a(alt_main.o) (alt_sys_init)
../emb6_bsp/\libhal_bsp.a(alt_busy_sleep.o)
                              ../emb6_bsp/\libhal_bsp.a(alt_usleep.o) (alt_busy_sleep)
../emb6_bsp/\libhal_bsp.a(alt_dcache_flush_all.o)
                              ../emb6_bsp/\libhal_bsp.a(alt_load.o) (alt_dcache_flush_all)
../emb6_bsp/\libhal_bsp.a(alt_icache_flush_all.o)
                              ../emb6_bsp/\libhal_bsp.a(alt_load.o) (alt_icache_flush_all)
../emb6_bsp/\libhal_bsp.a(alt_irq_entry.o)
                              ../emb6_bsp/\libhal_bsp.a(alt_irq_register.o) (alt_irq_entry)
../emb6_bsp/\libhal_bsp.a(alt_irq_handler.o)
                              ../emb6_bsp/\libhal_bsp.a(alt_irq_register.o) (alt_irq_handler)
../emb6_bsp/\libhal_bsp.a(altera_nios2_qsys_irq.o)
                              ../emb6_bsp/\libhal_bsp.a(alt_sys_init.o) (altera_nios2_qsys_irq_init)
../emb6_bsp/\libhal_bsp.a(alt_exception_entry.o)
                              ../emb6_bsp/\libhal_bsp.a(alt_irq_entry.o) (alt_exception)
c:/altera/13.0sp1/nios2eds/bin/gnu/h-i686-mingw32/bin/../lib/gcc/nios2-elf/4.1.2/mno-hw-mul\libgcc.a(lib2-divmod.o)
                              ../emb6_bsp/\libhal_bsp.a(alt_busy_sleep.o) (__udivsi3)
c:/altera/13.0sp1/nios2eds/bin/gnu/h-i686-mingw32/bin/../lib/gcc/nios2-elf/4.1.2/mno-hw-mul\libgcc.a(lib2-mul.o)
                              ../emb6_bsp/\libhal_bsp.a(alt_busy_sleep.o) (__mulsi3)

Allocating common symbols
Common symbol       size              file

alt_irq             0x100             ../emb6_bsp/\libhal_bsp.a(alt_irq_handler.o)

Memory Configuration

Name             Origin             Length             Attributes
new_sdram_controller_0 0x00000000         0x01000000
reset            0x01004000         0x00000020
onchip_memory2_0 0x01004020         0x00003fe0
*default*        0x00000000         0xffffffff

Linker script and memory map

LOAD ../emb6_bsp//obj/HAL/src/crt0.o
                0x0100400c                exit = _exit
LOAD obj/default/hello_world_small.o
LOAD c:/altera/13.0sp1/nios2eds/bin/gnu/h-i686-mingw32/bin/../lib/gcc/nios2-elf/4.1.2/../../../../nios2-elf/lib/mno-hw-mul\libstdc++.a
LOAD c:/altera/13.0sp1/nios2eds/bin/gnu/h-i686-mingw32/bin/../lib/gcc/nios2-elf/4.1.2/../../../../nios2-elf/lib/mno-hw-mul\libm.a
LOAD c:/altera/13.0sp1/nios2eds/bin/gnu/h-i686-mingw32/bin/../lib/gcc/nios2-elf/4.1.2/mno-hw-mul\libgcc.a
START GROUP
LOAD c:/altera/13.0sp1/nios2eds/bin/gnu/h-i686-mingw32/bin/../lib/gcc/nios2-elf/4.1.2/../../../../nios2-elf/lib/mno-hw-mul\libsmallc.a
LOAD c:/altera/13.0sp1/nios2eds/bin/gnu/h-i686-mingw32/bin/../lib/gcc/nios2-elf/4.1.2/mno-hw-mul\libgcc.a
LOAD ../emb6_bsp/\libhal_bsp.a
END GROUP
LOAD c:/altera/13.0sp1/nios2eds/bin/gnu/h-i686-mingw32/bin/../lib/gcc/nios2-elf/4.1.2/mno-hw-mul\libgcc.a
                0x00000000                __alt_mem_new_sdram_controller_0 = 0x0
                0x01004000                __alt_mem_onchip_memory2_0 = 0x1004000

.entry          0x01004000       0x20
 *(.entry)
 .entry         0x01004000       0x20 ../emb6_bsp//obj/HAL/src/crt0.o
                0x01004000                __reset
                0x0100400c                _exit

.exceptions     0x01004020      0x128
                0x01004020                PROVIDE (__ram_exceptions_start, ABSOLUTE (.))
                0x01004020                . = ALIGN (0x20)
 *(.irq)
 *(.exceptions.entry.label)
 .exceptions.entry.label
                0x01004020        0x0 ../emb6_bsp/\libhal_bsp.a(alt_irq_entry.o)
                0x01004020                alt_irq_entry
 .exceptions.entry.label
                0x01004020        0x0 ../emb6_bsp/\libhal_bsp.a(alt_exception_entry.o)
                0x01004020                alt_exception
 *(.exceptions.entry.user)
 *(.exceptions.entry)
 .exceptions.entry
                0x01004020       0x54 ../emb6_bsp/\libhal_bsp.a(alt_exception_entry.o)
 *(.exceptions.irqtest.user)
 *(.exceptions.irqtest)
 .exceptions.irqtest
                0x01004074       0x10 ../emb6_bsp/\libhal_bsp.a(alt_irq_entry.o)
 *(.exceptions.irqhandler.user)
 *(.exceptions.irqhandler)
 .exceptions.irqhandler
                0x01004084        0x4 ../emb6_bsp/\libhal_bsp.a(alt_irq_entry.o)
 *(.exceptions.irqreturn.user)
 *(.exceptions.irqreturn)
 .exceptions.irqreturn
                0x01004088        0x4 ../emb6_bsp/\libhal_bsp.a(alt_irq_entry.o)
 *(.exceptions.notirq.label)
 .exceptions.notirq.label
                0x0100408c        0x0 ../emb6_bsp/\libhal_bsp.a(alt_irq_entry.o)
 *(.exceptions.notirq.user)
 *(.exceptions.notirq)
 .exceptions.notirq
                0x0100408c        0x8 ../emb6_bsp/\libhal_bsp.a(alt_exception_entry.o)
 *(.exceptions.soft.user)
 *(.exceptions.soft)
 *(.exceptions.unknown.user)
 *(.exceptions.unknown)
 .exceptions.unknown
                0x01004094        0x4 ../emb6_bsp/\libhal_bsp.a(alt_exception_entry.o)
 *(.exceptions.exit.label)
 .exceptions.exit.label
                0x01004098        0x0 ../emb6_bsp/\libhal_bsp.a(alt_irq_entry.o)
 .exceptions.exit.label
                0x01004098        0x0 ../emb6_bsp/\libhal_bsp.a(alt_exception_entry.o)
 *(.exceptions.exit.user)
 *(.exceptions.exit)
 .exceptions.exit
                0x01004098       0x54 ../emb6_bsp/\libhal_bsp.a(alt_exception_entry.o)
 *(.exceptions)
 .exceptions    0x010040ec       0x5c ../emb6_bsp/\libhal_bsp.a(alt_irq_handler.o)
                0x010040ec                alt_irq_handler
                0x01004148                PROVIDE (__ram_exceptions_end, ABSOLUTE (.))
                0x01004020                PROVIDE (__flash_exceptions_start, LOADADDR (.exceptions))

.text           0x01004148      0x430
                0x01004148                PROVIDE (stext, ABSOLUTE (.))
 *(.interp)
 *(.hash)
 *(.dynsym)
 *(.dynstr)
 *(.gnu.version)
 *(.gnu.version_d)
 *(.gnu.version_r)
 *(.rel.init)
 *(.rela.init)
 *(.rel.text .rel.text.* .rel.gnu.linkonce.t.*)
 *(.rela.text .rela.text.* .rela.gnu.linkonce.t.*)
 *(.rel.fini)
 *(.rela.fini)
 *(.rel.rodata .rel.rodata.* .rel.gnu.linkonce.r.*)
 *(.rela.rodata .rela.rodata.* .rela.gnu.linkonce.r.*)
 *(.rel.data .rel.data.* .rel.gnu.linkonce.d.*)
 *(.rela.data .rela.data.* .rela.gnu.linkonce.d.*)
 *(.rel.tdata .rel.tdata.* .rel.gnu.linkonce.td.*)
 *(.rela.tdata .rela.tdata.* .rela.gnu.linkonce.td.*)
 *(.rel.tbss .rel.tbss.* .rel.gnu.linkonce.tb.*)
 *(.rela.tbss .rela.tbss.* .rela.gnu.linkonce.tb.*)
 *(.rel.ctors)
 *(.rela.ctors)
 *(.rel.dtors)
 *(.rela.dtors)
 *(.rel.got)
 *(.rela.got)
 *(.rel.sdata .rel.sdata.* .rel.gnu.linkonce.s.*)
 *(.rela.sdata .rela.sdata.* .rela.gnu.linkonce.s.*)
 *(.rel.sbss .rel.sbss.* .rel.gnu.linkonce.sb.*)
 *(.rela.sbss .rela.sbss.* .rela.gnu.linkonce.sb.*)
 *(.rel.sdata2 .rel.sdata2.* .rel.gnu.linkonce.s2.*)
 *(.rela.sdata2 .rela.sdata2.* .rela.gnu.linkonce.s2.*)
 *(.rel.sbss2 .rel.sbss2.* .rel.gnu.linkonce.sb2.*)
 *(.rela.sbss2 .rela.sbss2.* .rela.gnu.linkonce.sb2.*)
 *(.rel.bss .rel.bss.* .rel.gnu.linkonce.b.*)
 *(.rela.bss .rela.bss.* .rela.gnu.linkonce.b.*)
 *(.rel.plt)
 *(.rela.plt)
 *(.rel.dyn)
 *(.init)
 *(.plt)
 *(.text .stub .text.* .gnu.linkonce.t.*)
 .text          0x01004148       0x3c ../emb6_bsp//obj/HAL/src/crt0.o
                0x01004148                _start
 .text          0x01004184       0x54 obj/default/hello_world_small.o
                0x010041a0                main
 .text          0x010041d8       0xa0 ../emb6_bsp/\libhal_bsp.a(alt_irq_register.o)
                0x010041d8                alt_irq_register
 .text          0x01004278        0x0 ../emb6_bsp/\libhal_bsp.a(alt_irq_vars.o)
 .text          0x01004278       0x8c ../emb6_bsp/\libhal_bsp.a(alt_load.o)
                0x01004298                alt_load
 .text          0x01004304       0x2c ../emb6_bsp/\libhal_bsp.a(alt_main.o)
                0x01004304                alt_main
 .text          0x01004330        0x4 ../emb6_bsp/\libhal_bsp.a(alt_usleep.o)
                0x01004330                usleep
 .text          0x01004334       0x24 ../emb6_bsp/\libhal_bsp.a(alt_sys_init.o)
                0x01004334                alt_sys_init
                0x01004338                alt_irq_init
 .text          0x01004358       0x8c ../emb6_bsp/\libhal_bsp.a(alt_busy_sleep.o)
                0x01004358                alt_busy_sleep
 .text          0x010043e4        0x4 ../emb6_bsp/\libhal_bsp.a(alt_dcache_flush_all.o)
                0x010043e4                alt_dcache_flush_all
 .text          0x010043e8        0x4 ../emb6_bsp/\libhal_bsp.a(alt_icache_flush_all.o)
                0x010043e8                alt_icache_flush_all
 .text          0x010043ec        0x0 ../emb6_bsp/\libhal_bsp.a(alt_irq_entry.o)
 .text          0x010043ec        0x0 ../emb6_bsp/\libhal_bsp.a(alt_irq_handler.o)
 .text          0x010043ec        0x8 ../emb6_bsp/\libhal_bsp.a(altera_nios2_qsys_irq.o)
                0x010043ec                altera_nios2_qsys_irq_init
 .text          0x010043f4        0x0 ../emb6_bsp/\libhal_bsp.a(alt_exception_entry.o)
 .text          0x010043f4      0x14c c:/altera/13.0sp1/nios2eds/bin/gnu/h-i686-mingw32/bin/../lib/gcc/nios2-elf/4.1.2/mno-hw-mul\libgcc.a(lib2-divmod.o)
                0x01004470                __divsi3
                0x010044d0                __modsi3
                0x01004530                __udivsi3
                0x01004538                __umodsi3
 .text          0x01004540       0x38 c:/altera/13.0sp1/nios2eds/bin/gnu/h-i686-mingw32/bin/../lib/gcc/nios2-elf/4.1.2/mno-hw-mul\libgcc.a(lib2-mul.o)
                0x01004540                __mulsi3
 *(.gnu.warning.*)
 *(.fini)
                0x01004578                PROVIDE (__etext, ABSOLUTE (.))
                0x01004578                PROVIDE (_etext, ABSOLUTE (.))
                0x01004578                PROVIDE (etext, ABSOLUTE (.))
 *(.eh_frame_hdr)
                0x01004578                . = ALIGN (0x4)
                0x01004578                PROVIDE (__preinit_array_start, ABSOLUTE (.))
 *(.preinit_array)
                0x01004578                PROVIDE (__preinit_array_end, ABSOLUTE (.))
                0x01004578                PROVIDE (__init_array_start, ABSOLUTE (.))
 *(.init_array)
                0x01004578                PROVIDE (__init_array_end, ABSOLUTE (.))
                0x01004578                PROVIDE (__fini_array_start, ABSOLUTE (.))
 *(.fini_array)
                0x01004578                PROVIDE (__fini_array_end, ABSOLUTE (.))
 *(.eh_frame)
 *(.gcc_except_table)
 *(.dynamic)
                0x01004578                PROVIDE (__CTOR_LIST__, ABSOLUTE (.))
 *(.ctors)
 *(SORT(.ctors.*))
                0x01004578                PROVIDE (__CTOR_END__, ABSOLUTE (.))
                0x01004578                PROVIDE (__DTOR_LIST__, ABSOLUTE (.))
 *(.dtors)
 *(SORT(.dtors.*))
                0x01004578                PROVIDE (__DTOR_END__, ABSOLUTE (.))
 *(.jcr)
                0x01004578                . = ALIGN (0x4)

.rodata         0x00000000        0x0 load address 0x01004578
                0x00000000                PROVIDE (__ram_rodata_start, ABSOLUTE (.))
                0x00000000                . = ALIGN (0x4)
 *(.rodata .rodata.* .gnu.linkonce.r.*)
 *(.rodata1)
                0x00000000                . = ALIGN (0x4)
                0x00000000                PROVIDE (__ram_rodata_end, ABSOLUTE (.))
                0x01004578                PROVIDE (__flash_rodata_start, LOADADDR (.rodata))

.rwdata         0x00000000       0x10 load address 0x01004578
                0x00000000                PROVIDE (__ram_rwdata_start, ABSOLUTE (.))
                0x00000000                . = ALIGN (0x4)
 *(.got.plt)
 *(.got)
 *(.data1)
 *(.data .data.* .gnu.linkonce.d.*)
 .data          0x00000000        0x0 ../emb6_bsp//obj/HAL/src/crt0.o
 .data          0x00000000        0x0 obj/default/hello_world_small.o
 .data          0x00000000        0x0 ../emb6_bsp/\libhal_bsp.a(alt_irq_register.o)
 .data          0x00000000        0x0 ../emb6_bsp/\libhal_bsp.a(alt_irq_vars.o)
 .data          0x00000000        0x0 ../emb6_bsp/\libhal_bsp.a(alt_load.o)
 .data          0x00000000        0x0 ../emb6_bsp/\libhal_bsp.a(alt_main.o)
 .data          0x00000000        0x0 ../emb6_bsp/\libhal_bsp.a(alt_usleep.o)
 .data          0x00000000        0x0 ../emb6_bsp/\libhal_bsp.a(alt_sys_init.o)
 .data          0x00000000        0x0 ../emb6_bsp/\libhal_bsp.a(alt_busy_sleep.o)
 .data          0x00000000        0x0 ../emb6_bsp/\libhal_bsp.a(alt_dcache_flush_all.o)
 .data          0x00000000        0x0 ../emb6_bsp/\libhal_bsp.a(alt_icache_flush_all.o)
 .data          0x00000000        0x0 ../emb6_bsp/\libhal_bsp.a(alt_irq_entry.o)
 .data          0x00000000        0x0 ../emb6_bsp/\libhal_bsp.a(alt_irq_handler.o)
 .data          0x00000000        0x0 ../emb6_bsp/\libhal_bsp.a(altera_nios2_qsys_irq.o)
 .data          0x00000000        0x0 ../emb6_bsp/\libhal_bsp.a(alt_exception_entry.o)
 .data          0x00000000        0x0 c:/altera/13.0sp1/nios2eds/bin/gnu/h-i686-mingw32/bin/../lib/gcc/nios2-elf/4.1.2/mno-hw-mul\libgcc.a(lib2-divmod.o)
 .data          0x00000000        0x0 c:/altera/13.0sp1/nios2eds/bin/gnu/h-i686-mingw32/bin/../lib/gcc/nios2-elf/4.1.2/mno-hw-mul\libgcc.a(lib2-mul.o)
                0x00008000                _gp = ABSOLUTE ((. + 0x8000))
                0x00008000                PROVIDE (gp, _gp)
 *(.rwdata .rwdata.*)
 *(.sdata .sdata.* .gnu.linkonce.s.*)
 .sdata         0x00000000        0xc obj/default/hello_world_small.o
                0x00000000                leds_addr
                0x00000004                control_addr
                0x00000008                count
 .sdata         0x0000000c        0x4 ../emb6_bsp/\libhal_bsp.a(alt_irq_vars.o)
                0x0000000c                alt_priority_mask
 *(.sdata2 .sdata2.* .gnu.linkonce.s2.*)
                0x00000010                . = ALIGN (0x4)
                0x00000010                _edata = ABSOLUTE (.)
                0x00000010                PROVIDE (edata, ABSOLUTE (.))
                0x00000010                PROVIDE (__ram_rwdata_end, ABSOLUTE (.))
                0x01004578                PROVIDE (__flash_rwdata_start, LOADADDR (.rwdata))

.bss            0x00000010      0x110 load address 0x01004588
                0x00000010                __bss_start = ABSOLUTE (.)
                0x00000010                PROVIDE (__sbss_start, ABSOLUTE (.))
                0x00000010                PROVIDE (___sbss_start, ABSOLUTE (.))
 *(.dynsbss)
 *(.sbss .sbss.* .gnu.linkonce.sb.*)
 .sbss          0x00000010        0x4 ../emb6_bsp/\libhal_bsp.a(alt_irq_vars.o)
                0x00000010                alt_irq_active
 .sbss          0x00000014        0xc ../emb6_bsp/\libhal_bsp.a(alt_main.o)
                0x00000014                alt_argc
                0x00000018                alt_argv
                0x0000001c                alt_envp
 *(.sbss2 .sbss2.* .gnu.linkonce.sb2.*)
 *(.scommon)
                0x00000020                PROVIDE (__sbss_end, ABSOLUTE (.))
                0x00000020                PROVIDE (___sbss_end, ABSOLUTE (.))
 *(.dynbss)
 *(.bss .bss.* .gnu.linkonce.b.*)
 .bss           0x00000020        0x0 ../emb6_bsp//obj/HAL/src/crt0.o
 .bss           0x00000020        0x0 obj/default/hello_world_small.o
 .bss           0x00000020        0x0 ../emb6_bsp/\libhal_bsp.a(alt_irq_register.o)
 .bss           0x00000020        0x0 ../emb6_bsp/\libhal_bsp.a(alt_irq_vars.o)
 .bss           0x00000020        0x0 ../emb6_bsp/\libhal_bsp.a(alt_load.o)
 .bss           0x00000020        0x0 ../emb6_bsp/\libhal_bsp.a(alt_main.o)
 .bss           0x00000020        0x0 ../emb6_bsp/\libhal_bsp.a(alt_usleep.o)
 .bss           0x00000020        0x0 ../emb6_bsp/\libhal_bsp.a(alt_sys_init.o)
 .bss           0x00000020        0x0 ../emb6_bsp/\libhal_bsp.a(alt_busy_sleep.o)
 .bss           0x00000020        0x0 ../emb6_bsp/\libhal_bsp.a(alt_dcache_flush_all.o)
 .bss           0x00000020        0x0 ../emb6_bsp/\libhal_bsp.a(alt_icache_flush_all.o)
 .bss           0x00000020        0x0 ../emb6_bsp/\libhal_bsp.a(alt_irq_entry.o)
 .bss           0x00000020        0x0 ../emb6_bsp/\libhal_bsp.a(alt_irq_handler.o)
 .bss           0x00000020        0x0 ../emb6_bsp/\libhal_bsp.a(altera_nios2_qsys_irq.o)
 .bss           0x00000020        0x0 ../emb6_bsp/\libhal_bsp.a(alt_exception_entry.o)
 .bss           0x00000020        0x0 c:/altera/13.0sp1/nios2eds/bin/gnu/h-i686-mingw32/bin/../lib/gcc/nios2-elf/4.1.2/mno-hw-mul\libgcc.a(lib2-divmod.o)
 .bss           0x00000020        0x0 c:/altera/13.0sp1/nios2eds/bin/gnu/h-i686-mingw32/bin/../lib/gcc/nios2-elf/4.1.2/mno-hw-mul\libgcc.a(lib2-mul.o)
 *(COMMON)
 COMMON         0x00000020      0x100 ../emb6_bsp/\libhal_bsp.a(alt_irq_handler.o)
                0x00000020                alt_irq
                0x00000120                . = ALIGN (0x4)
                0x00000120                __bss_end = ABSOLUTE (.)

.new_sdram_controller_0
                0x00000120        0x0 load address 0x01004588
                0x00000120                PROVIDE (_alt_partition_new_sdram_controller_0_start, ABSOLUTE (.))
 *(.new_sdram_controller_0. new_sdram_controller_0.*)
                0x00000120                . = ALIGN (0x4)
                0x00000120                PROVIDE (_alt_partition_new_sdram_controller_0_end, ABSOLUTE (.))
                0x00000120                _end = ABSOLUTE (.)
                0x00000120                end = ABSOLUTE (.)
                0x00000120                __alt_stack_base = ABSOLUTE (.)
                0x01004588                PROVIDE (_alt_partition_new_sdram_controller_0_load_addr, LOADADDR (.new_sdram_controller_0))

.onchip_memory2_0
                0x01004588        0x0
                0x01004588                PROVIDE (_alt_partition_onchip_memory2_0_start, ABSOLUTE (.))
 *(.onchip_memory2_0. onchip_memory2_0.*)
                0x01004588                . = ALIGN (0x4)
                0x01004588                PROVIDE (_alt_partition_onchip_memory2_0_end, ABSOLUTE (.))
                0x01004588                PROVIDE (_alt_partition_onchip_memory2_0_load_addr, LOADADDR (.onchip_memory2_0))

.stab
 *(.stab)

.stabstr
 *(.stabstr)

.stab.excl
 *(.stab.excl)

.stab.exclstr
 *(.stab.exclstr)

.stab.index
 *(.stab.index)

.stab.indexstr
 *(.stab.indexstr)

.comment        0x00000000       0x26
 *(.comment)
 .comment       0x00000000       0x26 obj/default/hello_world_small.o
                                 0x27 (size before relaxing)
 .comment       0x00000000       0x27 ../emb6_bsp/\libhal_bsp.a(alt_irq_register.o)
 .comment       0x00000000       0x27 ../emb6_bsp/\libhal_bsp.a(alt_irq_vars.o)
 .comment       0x00000000       0x27 ../emb6_bsp/\libhal_bsp.a(alt_load.o)
 .comment       0x00000000       0x27 ../emb6_bsp/\libhal_bsp.a(alt_main.o)
 .comment       0x00000000       0x27 ../emb6_bsp/\libhal_bsp.a(alt_usleep.o)
 .comment       0x00000000       0x27 ../emb6_bsp/\libhal_bsp.a(alt_sys_init.o)
 .comment       0x00000000       0x27 ../emb6_bsp/\libhal_bsp.a(alt_busy_sleep.o)
 .comment       0x00000000       0x27 ../emb6_bsp/\libhal_bsp.a(alt_dcache_flush_all.o)
 .comment       0x00000000       0x27 ../emb6_bsp/\libhal_bsp.a(alt_icache_flush_all.o)
 .comment       0x00000000       0x27 ../emb6_bsp/\libhal_bsp.a(alt_irq_handler.o)
 .comment       0x00000000       0x27 ../emb6_bsp/\libhal_bsp.a(altera_nios2_qsys_irq.o)
 .comment       0x00000000       0x27 c:/altera/13.0sp1/nios2eds/bin/gnu/h-i686-mingw32/bin/../lib/gcc/nios2-elf/4.1.2/mno-hw-mul\libgcc.a(lib2-divmod.o)
 .comment       0x00000000       0x27 c:/altera/13.0sp1/nios2eds/bin/gnu/h-i686-mingw32/bin/../lib/gcc/nios2-elf/4.1.2/mno-hw-mul\libgcc.a(lib2-mul.o)

.debug
 *(.debug)

.line
 *(.line)

.debug_srcinfo
 *(.debug_srcinfo)

.debug_sfnames
 *(.debug_sfnames)

.debug_aranges  0x00000000      0x238
 *(.debug_aranges)
 .debug_aranges
                0x00000000       0x28 ../emb6_bsp//obj/HAL/src/crt0.o
 .debug_aranges
                0x00000028       0x20 obj/default/hello_world_small.o
 .debug_aranges
                0x00000048       0x20 ../emb6_bsp/\libhal_bsp.a(alt_irq_register.o)
 .debug_aranges
                0x00000068       0x20 ../emb6_bsp/\libhal_bsp.a(alt_load.o)
 .debug_aranges
                0x00000088       0x20 ../emb6_bsp/\libhal_bsp.a(alt_main.o)
 .debug_aranges
                0x000000a8       0x20 ../emb6_bsp/\libhal_bsp.a(alt_usleep.o)
 .debug_aranges
                0x000000c8       0x20 ../emb6_bsp/\libhal_bsp.a(alt_sys_init.o)
 .debug_aranges
                0x000000e8       0x20 ../emb6_bsp/\libhal_bsp.a(alt_busy_sleep.o)
 .debug_aranges
                0x00000108       0x20 ../emb6_bsp/\libhal_bsp.a(alt_dcache_flush_all.o)
 .debug_aranges
                0x00000128       0x20 ../emb6_bsp/\libhal_bsp.a(alt_icache_flush_all.o)
 .debug_aranges
                0x00000148       0x30 ../emb6_bsp/\libhal_bsp.a(alt_irq_entry.o)
 .debug_aranges
                0x00000178       0x28 ../emb6_bsp/\libhal_bsp.a(alt_irq_handler.o)
 .debug_aranges
                0x000001a0       0x20 ../emb6_bsp/\libhal_bsp.a(altera_nios2_qsys_irq.o)
 .debug_aranges
                0x000001c0       0x38 ../emb6_bsp/\libhal_bsp.a(alt_exception_entry.o)
 .debug_aranges
                0x000001f8       0x20 c:/altera/13.0sp1/nios2eds/bin/gnu/h-i686-mingw32/bin/../lib/gcc/nios2-elf/4.1.2/mno-hw-mul\libgcc.a(lib2-divmod.o)
 .debug_aranges
                0x00000218       0x20 c:/altera/13.0sp1/nios2eds/bin/gnu/h-i686-mingw32/bin/../lib/gcc/nios2-elf/4.1.2/mno-hw-mul\libgcc.a(lib2-mul.o)

.debug_pubnames
                0x00000000      0x2a1
 *(.debug_pubnames)
 .debug_pubnames
                0x00000000       0x44 obj/default/hello_world_small.o
 .debug_pubnames
                0x00000044       0x27 ../emb6_bsp/\libhal_bsp.a(alt_irq_register.o)
 .debug_pubnames
                0x0000006b       0x3b ../emb6_bsp/\libhal_bsp.a(alt_irq_vars.o)
 .debug_pubnames
                0x000000a6       0x1f ../emb6_bsp/\libhal_bsp.a(alt_load.o)
 .debug_pubnames
                0x000000c5       0x46 ../emb6_bsp/\libhal_bsp.a(alt_main.o)
 .debug_pubnames
                0x0000010b       0x1d ../emb6_bsp/\libhal_bsp.a(alt_usleep.o)
 .debug_pubnames
                0x00000128       0x34 ../emb6_bsp/\libhal_bsp.a(alt_sys_init.o)
 .debug_pubnames
                0x0000015c       0x25 ../emb6_bsp/\libhal_bsp.a(alt_busy_sleep.o)
 .debug_pubnames
                0x00000181       0x2b ../emb6_bsp/\libhal_bsp.a(alt_dcache_flush_all.o)
 .debug_pubnames
                0x000001ac       0x2b ../emb6_bsp/\libhal_bsp.a(alt_icache_flush_all.o)
 .debug_pubnames
                0x000001d7       0x32 ../emb6_bsp/\libhal_bsp.a(alt_irq_handler.o)
 .debug_pubnames
                0x00000209       0x31 ../emb6_bsp/\libhal_bsp.a(altera_nios2_qsys_irq.o)
 .debug_pubnames
                0x0000023a       0x48 c:/altera/13.0sp1/nios2eds/bin/gnu/h-i686-mingw32/bin/../lib/gcc/nios2-elf/4.1.2/mno-hw-mul\libgcc.a(lib2-divmod.o)
 .debug_pubnames
                0x00000282       0x1f c:/altera/13.0sp1/nios2eds/bin/gnu/h-i686-mingw32/bin/../lib/gcc/nios2-elf/4.1.2/mno-hw-mul\libgcc.a(lib2-mul.o)

.debug_info     0x00000000     0x1132
 *(.debug_info .gnu.linkonce.wi.*)
 .debug_info    0x00000000       0x51 ../emb6_bsp//obj/HAL/src/crt0.o
 .debug_info    0x00000051      0x123 obj/default/hello_world_small.o
 .debug_info    0x00000174      0x2f9 ../emb6_bsp/\libhal_bsp.a(alt_irq_register.o)
 .debug_info    0x0000046d       0x92 ../emb6_bsp/\libhal_bsp.a(alt_irq_vars.o)
 .debug_info    0x000004ff      0x12e ../emb6_bsp/\libhal_bsp.a(alt_load.o)
 .debug_info    0x0000062d      0x14f ../emb6_bsp/\libhal_bsp.a(alt_main.o)
 .debug_info    0x0000077c       0xab ../emb6_bsp/\libhal_bsp.a(alt_usleep.o)
 .debug_info    0x00000827       0xfe ../emb6_bsp/\libhal_bsp.a(alt_sys_init.o)
 .debug_info    0x00000925       0xd0 ../emb6_bsp/\libhal_bsp.a(alt_busy_sleep.o)
 .debug_info    0x000009f5       0x8d ../emb6_bsp/\libhal_bsp.a(alt_dcache_flush_all.o)
 .debug_info    0x00000a82       0x8d ../emb6_bsp/\libhal_bsp.a(alt_icache_flush_all.o)
 .debug_info    0x00000b0f       0x5a ../emb6_bsp/\libhal_bsp.a(alt_irq_entry.o)
 .debug_info    0x00000b69      0x1a3 ../emb6_bsp/\libhal_bsp.a(alt_irq_handler.o)
 .debug_info    0x00000d0c       0xb7 ../emb6_bsp/\libhal_bsp.a(altera_nios2_qsys_irq.o)
 .debug_info    0x00000dc3       0x60 ../emb6_bsp/\libhal_bsp.a(alt_exception_entry.o)
 .debug_info    0x00000e23      0x21c c:/altera/13.0sp1/nios2eds/bin/gnu/h-i686-mingw32/bin/../lib/gcc/nios2-elf/4.1.2/mno-hw-mul\libgcc.a(lib2-divmod.o)
 .debug_info    0x0000103f       0xf3 c:/altera/13.0sp1/nios2eds/bin/gnu/h-i686-mingw32/bin/../lib/gcc/nios2-elf/4.1.2/mno-hw-mul\libgcc.a(lib2-mul.o)

.debug_abbrev   0x00000000      0x8ef
 *(.debug_abbrev)
 .debug_abbrev  0x00000000       0x12 ../emb6_bsp//obj/HAL/src/crt0.o
 .debug_abbrev  0x00000012       0xa9 obj/default/hello_world_small.o
 .debug_abbrev  0x000000bb      0x190 ../emb6_bsp/\libhal_bsp.a(alt_irq_register.o)
 .debug_abbrev  0x0000024b       0x44 ../emb6_bsp/\libhal_bsp.a(alt_irq_vars.o)
 .debug_abbrev  0x0000028f       0x97 ../emb6_bsp/\libhal_bsp.a(alt_load.o)
 .debug_abbrev  0x00000326       0xad ../emb6_bsp/\libhal_bsp.a(alt_main.o)
 .debug_abbrev  0x000003d3       0x5d ../emb6_bsp/\libhal_bsp.a(alt_usleep.o)
 .debug_abbrev  0x00000430       0xb4 ../emb6_bsp/\libhal_bsp.a(alt_sys_init.o)
 .debug_abbrev  0x000004e4       0x79 ../emb6_bsp/\libhal_bsp.a(alt_busy_sleep.o)
 .debug_abbrev  0x0000055d       0x3f ../emb6_bsp/\libhal_bsp.a(alt_dcache_flush_all.o)
 .debug_abbrev  0x0000059c       0x3f ../emb6_bsp/\libhal_bsp.a(alt_icache_flush_all.o)
 .debug_abbrev  0x000005db       0x12 ../emb6_bsp/\libhal_bsp.a(alt_irq_entry.o)
 .debug_abbrev  0x000005ed      0x131 ../emb6_bsp/\libhal_bsp.a(alt_irq_handler.o)
 .debug_abbrev  0x0000071e       0x64 ../emb6_bsp/\libhal_bsp.a(altera_nios2_qsys_irq.o)
 .debug_abbrev  0x00000782       0x12 ../emb6_bsp/\libhal_bsp.a(alt_exception_entry.o)
 .debug_abbrev  0x00000794       0xe0 c:/altera/13.0sp1/nios2eds/bin/gnu/h-i686-mingw32/bin/../lib/gcc/nios2-elf/4.1.2/mno-hw-mul\libgcc.a(lib2-divmod.o)
 .debug_abbrev  0x00000874       0x7b c:/altera/13.0sp1/nios2eds/bin/gnu/h-i686-mingw32/bin/../lib/gcc/nios2-elf/4.1.2/mno-hw-mul\libgcc.a(lib2-mul.o)

.debug_line     0x00000000     0x1cea
 *(.debug_line)
 .debug_line    0x00000000       0x66 ../emb6_bsp//obj/HAL/src/crt0.o
 .debug_line    0x00000066      0x22c obj/default/hello_world_small.o
 .debug_line    0x00000292      0x292 ../emb6_bsp/\libhal_bsp.a(alt_irq_register.o)
 .debug_line    0x00000524       0x72 ../emb6_bsp/\libhal_bsp.a(alt_irq_vars.o)
 .debug_line    0x00000596      0x217 ../emb6_bsp/\libhal_bsp.a(alt_load.o)
 .debug_line    0x000007ad      0x2d6 ../emb6_bsp/\libhal_bsp.a(alt_main.o)
 .debug_line    0x00000a83      0x202 ../emb6_bsp/\libhal_bsp.a(alt_usleep.o)
 .debug_line    0x00000c85      0x1f7 ../emb6_bsp/\libhal_bsp.a(alt_sys_init.o)
 .debug_line    0x00000e7c      0x25e ../emb6_bsp/\libhal_bsp.a(alt_busy_sleep.o)
 .debug_line    0x000010da      0x1b5 ../emb6_bsp/\libhal_bsp.a(alt_dcache_flush_all.o)
 .debug_line    0x0000128f      0x1b5 ../emb6_bsp/\libhal_bsp.a(alt_icache_flush_all.o)
 .debug_line    0x00001444       0x6b ../emb6_bsp/\libhal_bsp.a(alt_irq_entry.o)
 .debug_line    0x000014af      0x240 ../emb6_bsp/\libhal_bsp.a(alt_irq_handler.o)
 .debug_line    0x000016ef      0x1e7 ../emb6_bsp/\libhal_bsp.a(altera_nios2_qsys_irq.o)
 .debug_line    0x000018d6       0xab ../emb6_bsp/\libhal_bsp.a(alt_exception_entry.o)
 .debug_line    0x00001981      0x24f c:/altera/13.0sp1/nios2eds/bin/gnu/h-i686-mingw32/bin/../lib/gcc/nios2-elf/4.1.2/mno-hw-mul\libgcc.a(lib2-divmod.o)
 .debug_line    0x00001bd0      0x11a c:/altera/13.0sp1/nios2eds/bin/gnu/h-i686-mingw32/bin/../lib/gcc/nios2-elf/4.1.2/mno-hw-mul\libgcc.a(lib2-mul.o)

.debug_frame    0x00000000      0x250
 *(.debug_frame)
 .debug_frame   0x00000000       0x38 obj/default/hello_world_small.o
 .debug_frame   0x00000038       0x20 ../emb6_bsp/\libhal_bsp.a(alt_irq_register.o)
 .debug_frame   0x00000058       0x38 ../emb6_bsp/\libhal_bsp.a(alt_load.o)
 .debug_frame   0x00000090       0x28 ../emb6_bsp/\libhal_bsp.a(alt_main.o)
 .debug_frame   0x000000b8       0x20 ../emb6_bsp/\libhal_bsp.a(alt_usleep.o)
 .debug_frame   0x000000d8       0x38 ../emb6_bsp/\libhal_bsp.a(alt_sys_init.o)
 .debug_frame   0x00000110       0x28 ../emb6_bsp/\libhal_bsp.a(alt_busy_sleep.o)
 .debug_frame   0x00000138       0x20 ../emb6_bsp/\libhal_bsp.a(alt_dcache_flush_all.o)
 .debug_frame   0x00000158       0x20 ../emb6_bsp/\libhal_bsp.a(alt_icache_flush_all.o)
 .debug_frame   0x00000178       0x28 ../emb6_bsp/\libhal_bsp.a(alt_irq_handler.o)
 .debug_frame   0x000001a0       0x20 ../emb6_bsp/\libhal_bsp.a(altera_nios2_qsys_irq.o)
 .debug_frame   0x000001c0       0x70 c:/altera/13.0sp1/nios2eds/bin/gnu/h-i686-mingw32/bin/../lib/gcc/nios2-elf/4.1.2/mno-hw-mul\libgcc.a(lib2-divmod.o)
 .debug_frame   0x00000230       0x20 c:/altera/13.0sp1/nios2eds/bin/gnu/h-i686-mingw32/bin/../lib/gcc/nios2-elf/4.1.2/mno-hw-mul\libgcc.a(lib2-mul.o)

.debug_str      0x00000000      0x5f1
 *(.debug_str)
 .debug_str     0x00000000       0xda obj/default/hello_world_small.o
                                0x120 (size before relaxing)
 .debug_str     0x000000da       0xce ../emb6_bsp/\libhal_bsp.a(alt_irq_register.o)
                                0x19c (size before relaxing)
 .debug_str     0x000001a8       0x17 ../emb6_bsp/\libhal_bsp.a(alt_irq_vars.o)
                                 0xe3 (size before relaxing)
 .debug_str     0x000001bf       0xe9 ../emb6_bsp/\libhal_bsp.a(alt_load.o)
                                0x1a6 (size before relaxing)
 .debug_str     0x000002a8       0x75 ../emb6_bsp/\libhal_bsp.a(alt_main.o)
                                0x153 (size before relaxing)
 .debug_str     0x0000031d       0x27 ../emb6_bsp/\libhal_bsp.a(alt_usleep.o)
                                 0xdc (size before relaxing)
 .debug_str     0x00000344       0x4c ../emb6_bsp/\libhal_bsp.a(alt_sys_init.o)
                                0x12a (size before relaxing)
 .debug_str     0x00000390       0x42 ../emb6_bsp/\libhal_bsp.a(alt_busy_sleep.o)
                                 0xff (size before relaxing)
 .debug_str     0x000003d2       0x34 ../emb6_bsp/\libhal_bsp.a(alt_dcache_flush_all.o)
                                 0xe9 (size before relaxing)
 .debug_str     0x00000406       0x34 ../emb6_bsp/\libhal_bsp.a(alt_icache_flush_all.o)
                                 0xe9 (size before relaxing)
 .debug_str     0x0000043a       0x3a ../emb6_bsp/\libhal_bsp.a(alt_irq_handler.o)
                                0x14c (size before relaxing)
 .debug_str     0x00000474       0x3b ../emb6_bsp/\libhal_bsp.a(altera_nios2_qsys_irq.o)
                                0x119 (size before relaxing)
 .debug_str     0x000004af      0x10b c:/altera/13.0sp1/nios2eds/bin/gnu/h-i686-mingw32/bin/../lib/gcc/nios2-elf/4.1.2/mno-hw-mul\libgcc.a(lib2-divmod.o)
                                0x1b4 (size before relaxing)
 .debug_str     0x000005ba       0x37 c:/altera/13.0sp1/nios2eds/bin/gnu/h-i686-mingw32/bin/../lib/gcc/nios2-elf/4.1.2/mno-hw-mul\libgcc.a(lib2-mul.o)
                                0x175 (size before relaxing)

.debug_loc      0x00000000      0x3de
 *(.debug_loc)
 .debug_loc     0x00000000       0x1f obj/default/hello_world_small.o
 .debug_loc     0x0000001f       0x52 ../emb6_bsp/\libhal_bsp.a(alt_irq_register.o)
 .debug_loc     0x00000071       0x1f ../emb6_bsp/\libhal_bsp.a(alt_load.o)
 .debug_loc     0x00000090       0x1f ../emb6_bsp/\libhal_bsp.a(alt_main.o)
 .debug_loc     0x000000af       0x13 ../emb6_bsp/\libhal_bsp.a(alt_usleep.o)
 .debug_loc     0x000000c2       0x32 ../emb6_bsp/\libhal_bsp.a(alt_sys_init.o)
 .debug_loc     0x000000f4       0x50 ../emb6_bsp/\libhal_bsp.a(alt_busy_sleep.o)
 .debug_loc     0x00000144       0x79 ../emb6_bsp/\libhal_bsp.a(alt_irq_handler.o)
 .debug_loc     0x000001bd      0x1d2 c:/altera/13.0sp1/nios2eds/bin/gnu/h-i686-mingw32/bin/../lib/gcc/nios2-elf/4.1.2/mno-hw-mul\libgcc.a(lib2-divmod.o)
 .debug_loc     0x0000038f       0x4f c:/altera/13.0sp1/nios2eds/bin/gnu/h-i686-mingw32/bin/../lib/gcc/nios2-elf/4.1.2/mno-hw-mul\libgcc.a(lib2-mul.o)

.debug_macinfo
 *(.debug_macinfo)

.debug_weaknames
 *(.debug_weaknames)

.debug_funcnames
 *(.debug_funcnames)

.debug_typenames
 *(.debug_typenames)

.debug_varnames
 *(.debug_varnames)

.debug_alt_sim_info
                0x00000000       0x40
 *(.debug_alt_sim_info)
 .debug_alt_sim_info
                0x00000000       0x10 ../emb6_bsp//obj/HAL/src/crt0.o
 .debug_alt_sim_info
                0x00000010       0x30 ../emb6_bsp/\libhal_bsp.a(alt_busy_sleep.o)
                0x01000000                __alt_data_end = 0x1000000
                0x01000000                PROVIDE (__alt_stack_pointer, __alt_data_end)
                0x00000120                PROVIDE (__alt_stack_limit, __alt_stack_base)
                0x00000120                PROVIDE (__alt_heap_start, end)
                0x01000000                PROVIDE (__alt_heap_limit, 0x1000000)
OUTPUT(emb6.elf elf32-littlenios2)

.debug_ranges   0x00000000       0x90
 .debug_ranges  0x00000000       0x20 ../emb6_bsp//obj/HAL/src/crt0.o
 .debug_ranges  0x00000020       0x28 ../emb6_bsp/\libhal_bsp.a(alt_irq_entry.o)
 .debug_ranges  0x00000048       0x18 ../emb6_bsp/\libhal_bsp.a(alt_irq_handler.o)
 .debug_ranges  0x00000060       0x30 ../emb6_bsp/\libhal_bsp.a(alt_exception_entry.o)
