Archive member included because of file (symbol)

../embcpumemlast_bsp/\libhal_bsp.a(alt_load.o)
                              ../embcpumemlast_bsp//obj/HAL/src/crt0.o (alt_load)
../embcpumemlast_bsp/\libhal_bsp.a(alt_main.o)
                              ../embcpumemlast_bsp//obj/HAL/src/crt0.o (alt_main)
../embcpumemlast_bsp/\libhal_bsp.a(alt_sys_init.o)
                              ../embcpumemlast_bsp/\libhal_bsp.a(alt_main.o) (alt_sys_init)
../embcpumemlast_bsp/\libhal_bsp.a(alt_dcache_flush_all.o)
                              ../embcpumemlast_bsp/\libhal_bsp.a(alt_load.o) (alt_dcache_flush_all)
../embcpumemlast_bsp/\libhal_bsp.a(alt_icache_flush_all.o)
                              ../embcpumemlast_bsp/\libhal_bsp.a(alt_load.o) (alt_icache_flush_all)
../embcpumemlast_bsp/\libhal_bsp.a(altera_nios2_qsys_irq.o)
                              ../embcpumemlast_bsp/\libhal_bsp.a(alt_sys_init.o) (altera_nios2_qsys_irq_init)

Memory Configuration

Name             Origin             Length             Attributes
new_sdram_controller_0 0x00000000         0x01000000
reset            0x01004000         0x00000020
onchip_memory2_0 0x01004020         0x00003fe0
*default*        0x00000000         0xffffffff

Linker script and memory map

LOAD ../embcpumemlast_bsp//obj/HAL/src/crt0.o
                0x0100400c                exit = _exit
LOAD obj/default/hello_world_small.o
LOAD c:/altera/13.0sp1/nios2eds/bin/gnu/h-i686-mingw32/bin/../lib/gcc/nios2-elf/4.1.2/../../../../nios2-elf/lib/mno-hw-mul\libstdc++.a
LOAD c:/altera/13.0sp1/nios2eds/bin/gnu/h-i686-mingw32/bin/../lib/gcc/nios2-elf/4.1.2/../../../../nios2-elf/lib/mno-hw-mul\libm.a
LOAD c:/altera/13.0sp1/nios2eds/bin/gnu/h-i686-mingw32/bin/../lib/gcc/nios2-elf/4.1.2/mno-hw-mul\libgcc.a
START GROUP
LOAD c:/altera/13.0sp1/nios2eds/bin/gnu/h-i686-mingw32/bin/../lib/gcc/nios2-elf/4.1.2/../../../../nios2-elf/lib/mno-hw-mul\libsmallc.a
LOAD c:/altera/13.0sp1/nios2eds/bin/gnu/h-i686-mingw32/bin/../lib/gcc/nios2-elf/4.1.2/mno-hw-mul\libgcc.a
LOAD ../embcpumemlast_bsp/\libhal_bsp.a
END GROUP
LOAD c:/altera/13.0sp1/nios2eds/bin/gnu/h-i686-mingw32/bin/../lib/gcc/nios2-elf/4.1.2/mno-hw-mul\libgcc.a
                0x00000000                __alt_mem_new_sdram_controller_0 = 0x0
                0x01004000                __alt_mem_onchip_memory2_0 = 0x1004000

.entry          0x01004000       0x20
 *(.entry)
 .entry         0x01004000       0x20 ../embcpumemlast_bsp//obj/HAL/src/crt0.o
                0x01004000                __reset
                0x0100400c                _exit

.exceptions     0x01004020        0x0
                0x01004020                PROVIDE (__ram_exceptions_start, ABSOLUTE (.))
                0x01004020                . = ALIGN (0x20)
 *(.irq)
 *(.exceptions.entry.label)
 *(.exceptions.entry.user)
 *(.exceptions.entry)
 *(.exceptions.irqtest.user)
 *(.exceptions.irqtest)
 *(.exceptions.irqhandler.user)
 *(.exceptions.irqhandler)
 *(.exceptions.irqreturn.user)
 *(.exceptions.irqreturn)
 *(.exceptions.notirq.label)
 *(.exceptions.notirq.user)
 *(.exceptions.notirq)
 *(.exceptions.soft.user)
 *(.exceptions.soft)
 *(.exceptions.unknown.user)
 *(.exceptions.unknown)
 *(.exceptions.exit.label)
 *(.exceptions.exit.user)
 *(.exceptions.exit)
 *(.exceptions)
                0x01004020                PROVIDE (__ram_exceptions_end, ABSOLUTE (.))
                0x01004020                PROVIDE (__flash_exceptions_start, LOADADDR (.exceptions))

.text           0x01004020      0x18c
                0x01004020                PROVIDE (stext, ABSOLUTE (.))
 *(.interp)
 *(.hash)
 *(.dynsym)
 *(.dynstr)
 *(.gnu.version)
 *(.gnu.version_d)
 *(.gnu.version_r)
 *(.rel.init)
 *(.rela.init)
 *(.rel.text .rel.text.* .rel.gnu.linkonce.t.*)
 *(.rela.text .rela.text.* .rela.gnu.linkonce.t.*)
 *(.rel.fini)
 *(.rela.fini)
 *(.rel.rodata .rel.rodata.* .rel.gnu.linkonce.r.*)
 *(.rela.rodata .rela.rodata.* .rela.gnu.linkonce.r.*)
 *(.rel.data .rel.data.* .rel.gnu.linkonce.d.*)
 *(.rela.data .rela.data.* .rela.gnu.linkonce.d.*)
 *(.rel.tdata .rel.tdata.* .rel.gnu.linkonce.td.*)
 *(.rela.tdata .rela.tdata.* .rela.gnu.linkonce.td.*)
 *(.rel.tbss .rel.tbss.* .rel.gnu.linkonce.tb.*)
 *(.rela.tbss .rela.tbss.* .rela.gnu.linkonce.tb.*)
 *(.rel.ctors)
 *(.rela.ctors)
 *(.rel.dtors)
 *(.rela.dtors)
 *(.rel.got)
 *(.rela.got)
 *(.rel.sdata .rel.sdata.* .rel.gnu.linkonce.s.*)
 *(.rela.sdata .rela.sdata.* .rela.gnu.linkonce.s.*)
 *(.rel.sbss .rel.sbss.* .rel.gnu.linkonce.sb.*)
 *(.rela.sbss .rela.sbss.* .rela.gnu.linkonce.sb.*)
 *(.rel.sdata2 .rel.sdata2.* .rel.gnu.linkonce.s2.*)
 *(.rela.sdata2 .rela.sdata2.* .rela.gnu.linkonce.s2.*)
 *(.rel.sbss2 .rel.sbss2.* .rel.gnu.linkonce.sb2.*)
 *(.rela.sbss2 .rela.sbss2.* .rela.gnu.linkonce.sb2.*)
 *(.rel.bss .rel.bss.* .rel.gnu.linkonce.b.*)
 *(.rela.bss .rela.bss.* .rela.gnu.linkonce.b.*)
 *(.rel.plt)
 *(.rela.plt)
 *(.rel.dyn)
 *(.init)
 *(.plt)
 *(.text .stub .text.* .gnu.linkonce.t.*)
 .text          0x01004020       0x3c ../embcpumemlast_bsp//obj/HAL/src/crt0.o
                0x01004020                _start
 .text          0x0100405c       0x64 obj/default/hello_world_small.o
                0x0100405c                main
 .text          0x010040c0       0x8c ../embcpumemlast_bsp/\libhal_bsp.a(alt_load.o)
                0x010040e0                alt_load
 .text          0x0100414c       0x2c ../embcpumemlast_bsp/\libhal_bsp.a(alt_main.o)
                0x0100414c                alt_main
 .text          0x01004178       0x24 ../embcpumemlast_bsp/\libhal_bsp.a(alt_sys_init.o)
                0x01004178                alt_sys_init
                0x0100417c                alt_irq_init
 .text          0x0100419c        0x4 ../embcpumemlast_bsp/\libhal_bsp.a(alt_dcache_flush_all.o)
                0x0100419c                alt_dcache_flush_all
 .text          0x010041a0        0x4 ../embcpumemlast_bsp/\libhal_bsp.a(alt_icache_flush_all.o)
                0x010041a0                alt_icache_flush_all
 .text          0x010041a4        0x8 ../embcpumemlast_bsp/\libhal_bsp.a(altera_nios2_qsys_irq.o)
                0x010041a4                altera_nios2_qsys_irq_init
 *(.gnu.warning.*)
 *(.fini)
                0x010041ac                PROVIDE (__etext, ABSOLUTE (.))
                0x010041ac                PROVIDE (_etext, ABSOLUTE (.))
                0x010041ac                PROVIDE (etext, ABSOLUTE (.))
 *(.eh_frame_hdr)
                0x010041ac                . = ALIGN (0x4)
                0x010041ac                PROVIDE (__preinit_array_start, ABSOLUTE (.))
 *(.preinit_array)
                0x010041ac                PROVIDE (__preinit_array_end, ABSOLUTE (.))
                0x010041ac                PROVIDE (__init_array_start, ABSOLUTE (.))
 *(.init_array)
                0x010041ac                PROVIDE (__init_array_end, ABSOLUTE (.))
                0x010041ac                PROVIDE (__fini_array_start, ABSOLUTE (.))
 *(.fini_array)
                0x010041ac                PROVIDE (__fini_array_end, ABSOLUTE (.))
 *(.eh_frame)
 *(.gcc_except_table)
 *(.dynamic)
                0x010041ac                PROVIDE (__CTOR_LIST__, ABSOLUTE (.))
 *(.ctors)
 *(SORT(.ctors.*))
                0x010041ac                PROVIDE (__CTOR_END__, ABSOLUTE (.))
                0x010041ac                PROVIDE (__DTOR_LIST__, ABSOLUTE (.))
 *(.dtors)
 *(SORT(.dtors.*))
                0x010041ac                PROVIDE (__DTOR_END__, ABSOLUTE (.))
 *(.jcr)
                0x010041ac                . = ALIGN (0x4)

.rodata         0x00000000        0x0 load address 0x010041ac
                0x00000000                PROVIDE (__ram_rodata_start, ABSOLUTE (.))
                0x00000000                . = ALIGN (0x4)
 *(.rodata .rodata.* .gnu.linkonce.r.*)
 *(.rodata1)
                0x00000000                . = ALIGN (0x4)
                0x00000000                PROVIDE (__ram_rodata_end, ABSOLUTE (.))
                0x010041ac                PROVIDE (__flash_rodata_start, LOADADDR (.rodata))

.rwdata         0x00000000        0x0 load address 0x010041ac
                0x00000000                PROVIDE (__ram_rwdata_start, ABSOLUTE (.))
                0x00000000                . = ALIGN (0x4)
 *(.got.plt)
 *(.got)
 *(.data1)
 *(.data .data.* .gnu.linkonce.d.*)
 .data          0x00000000        0x0 ../embcpumemlast_bsp//obj/HAL/src/crt0.o
 .data          0x00000000        0x0 obj/default/hello_world_small.o
 .data          0x00000000        0x0 ../embcpumemlast_bsp/\libhal_bsp.a(alt_load.o)
 .data          0x00000000        0x0 ../embcpumemlast_bsp/\libhal_bsp.a(alt_main.o)
 .data          0x00000000        0x0 ../embcpumemlast_bsp/\libhal_bsp.a(alt_sys_init.o)
 .data          0x00000000        0x0 ../embcpumemlast_bsp/\libhal_bsp.a(alt_dcache_flush_all.o)
 .data          0x00000000        0x0 ../embcpumemlast_bsp/\libhal_bsp.a(alt_icache_flush_all.o)
 .data          0x00000000        0x0 ../embcpumemlast_bsp/\libhal_bsp.a(altera_nios2_qsys_irq.o)
                0x00008000                _gp = ABSOLUTE ((. + 0x8000))
                0x00008000                PROVIDE (gp, _gp)
 *(.rwdata .rwdata.*)
 *(.sdata .sdata.* .gnu.linkonce.s.*)
 *(.sdata2 .sdata2.* .gnu.linkonce.s2.*)
                0x00000000                . = ALIGN (0x4)
                0x00000000                _edata = ABSOLUTE (.)
                0x00000000                PROVIDE (edata, ABSOLUTE (.))
                0x00000000                PROVIDE (__ram_rwdata_end, ABSOLUTE (.))
                0x010041ac                PROVIDE (__flash_rwdata_start, LOADADDR (.rwdata))

.bss            0x00000000        0xc load address 0x010041ac
                0x00000000                __bss_start = ABSOLUTE (.)
                0x00000000                PROVIDE (__sbss_start, ABSOLUTE (.))
                0x00000000                PROVIDE (___sbss_start, ABSOLUTE (.))
 *(.dynsbss)
 *(.sbss .sbss.* .gnu.linkonce.sb.*)
 .sbss          0x00000000        0xc ../embcpumemlast_bsp/\libhal_bsp.a(alt_main.o)
                0x00000000                alt_argc
                0x00000004                alt_argv
                0x00000008                alt_envp
 *(.sbss2 .sbss2.* .gnu.linkonce.sb2.*)
 *(.scommon)
                0x0000000c                PROVIDE (__sbss_end, ABSOLUTE (.))
                0x0000000c                PROVIDE (___sbss_end, ABSOLUTE (.))
 *(.dynbss)
 *(.bss .bss.* .gnu.linkonce.b.*)
 .bss           0x0000000c        0x0 ../embcpumemlast_bsp//obj/HAL/src/crt0.o
 .bss           0x0000000c        0x0 obj/default/hello_world_small.o
 .bss           0x0000000c        0x0 ../embcpumemlast_bsp/\libhal_bsp.a(alt_load.o)
 .bss           0x0000000c        0x0 ../embcpumemlast_bsp/\libhal_bsp.a(alt_main.o)
 .bss           0x0000000c        0x0 ../embcpumemlast_bsp/\libhal_bsp.a(alt_sys_init.o)
 .bss           0x0000000c        0x0 ../embcpumemlast_bsp/\libhal_bsp.a(alt_dcache_flush_all.o)
 .bss           0x0000000c        0x0 ../embcpumemlast_bsp/\libhal_bsp.a(alt_icache_flush_all.o)
 .bss           0x0000000c        0x0 ../embcpumemlast_bsp/\libhal_bsp.a(altera_nios2_qsys_irq.o)
 *(COMMON)
                0x0000000c                . = ALIGN (0x4)
                0x0000000c                __bss_end = ABSOLUTE (.)

.new_sdram_controller_0
                0x0000000c        0x0 load address 0x010041ac
                0x0000000c                PROVIDE (_alt_partition_new_sdram_controller_0_start, ABSOLUTE (.))
 *(.new_sdram_controller_0. new_sdram_controller_0.*)
                0x0000000c                . = ALIGN (0x4)
                0x0000000c                PROVIDE (_alt_partition_new_sdram_controller_0_end, ABSOLUTE (.))
                0x0000000c                _end = ABSOLUTE (.)
                0x0000000c                end = ABSOLUTE (.)
                0x0000000c                __alt_stack_base = ABSOLUTE (.)
                0x010041ac                PROVIDE (_alt_partition_new_sdram_controller_0_load_addr, LOADADDR (.new_sdram_controller_0))

.onchip_memory2_0
                0x010041ac        0x0
                0x010041ac                PROVIDE (_alt_partition_onchip_memory2_0_start, ABSOLUTE (.))
 *(.onchip_memory2_0. onchip_memory2_0.*)
                0x010041ac                . = ALIGN (0x4)
                0x010041ac                PROVIDE (_alt_partition_onchip_memory2_0_end, ABSOLUTE (.))
                0x010041ac                PROVIDE (_alt_partition_onchip_memory2_0_load_addr, LOADADDR (.onchip_memory2_0))

.stab
 *(.stab)

.stabstr
 *(.stabstr)

.stab.excl
 *(.stab.excl)

.stab.exclstr
 *(.stab.exclstr)

.stab.index
 *(.stab.index)

.stab.indexstr
 *(.stab.indexstr)

.comment        0x00000000       0x26
 *(.comment)
 .comment       0x00000000       0x26 obj/default/hello_world_small.o
                                 0x27 (size before relaxing)
 .comment       0x00000000       0x27 ../embcpumemlast_bsp/\libhal_bsp.a(alt_load.o)
 .comment       0x00000000       0x27 ../embcpumemlast_bsp/\libhal_bsp.a(alt_main.o)
 .comment       0x00000000       0x27 ../embcpumemlast_bsp/\libhal_bsp.a(alt_sys_init.o)
 .comment       0x00000000       0x27 ../embcpumemlast_bsp/\libhal_bsp.a(alt_dcache_flush_all.o)
 .comment       0x00000000       0x27 ../embcpumemlast_bsp/\libhal_bsp.a(alt_icache_flush_all.o)
 .comment       0x00000000       0x27 ../embcpumemlast_bsp/\libhal_bsp.a(altera_nios2_qsys_irq.o)

.debug
 *(.debug)

.line
 *(.line)

.debug_srcinfo
 *(.debug_srcinfo)

.debug_sfnames
 *(.debug_sfnames)

.debug_aranges  0x00000000      0x108
 *(.debug_aranges)
 .debug_aranges
                0x00000000       0x28 ../embcpumemlast_bsp//obj/HAL/src/crt0.o
 .debug_aranges
                0x00000028       0x20 obj/default/hello_world_small.o
 .debug_aranges
                0x00000048       0x20 ../embcpumemlast_bsp/\libhal_bsp.a(alt_load.o)
 .debug_aranges
                0x00000068       0x20 ../embcpumemlast_bsp/\libhal_bsp.a(alt_main.o)
 .debug_aranges
                0x00000088       0x20 ../embcpumemlast_bsp/\libhal_bsp.a(alt_sys_init.o)
 .debug_aranges
                0x000000a8       0x20 ../embcpumemlast_bsp/\libhal_bsp.a(alt_dcache_flush_all.o)
 .debug_aranges
                0x000000c8       0x20 ../embcpumemlast_bsp/\libhal_bsp.a(alt_icache_flush_all.o)
 .debug_aranges
                0x000000e8       0x20 ../embcpumemlast_bsp/\libhal_bsp.a(altera_nios2_qsys_irq.o)

.debug_pubnames
                0x00000000      0x13b
 *(.debug_pubnames)
 .debug_pubnames
                0x00000000       0x1b obj/default/hello_world_small.o
 .debug_pubnames
                0x0000001b       0x1f ../embcpumemlast_bsp/\libhal_bsp.a(alt_load.o)
 .debug_pubnames
                0x0000003a       0x46 ../embcpumemlast_bsp/\libhal_bsp.a(alt_main.o)
 .debug_pubnames
                0x00000080       0x34 ../embcpumemlast_bsp/\libhal_bsp.a(alt_sys_init.o)
 .debug_pubnames
                0x000000b4       0x2b ../embcpumemlast_bsp/\libhal_bsp.a(alt_dcache_flush_all.o)
 .debug_pubnames
                0x000000df       0x2b ../embcpumemlast_bsp/\libhal_bsp.a(alt_icache_flush_all.o)
 .debug_pubnames
                0x0000010a       0x31 ../embcpumemlast_bsp/\libhal_bsp.a(altera_nios2_qsys_irq.o)

.debug_info     0x00000000      0x644
 *(.debug_info .gnu.linkonce.wi.*)
 .debug_info    0x00000000       0x5a ../embcpumemlast_bsp//obj/HAL/src/crt0.o
 .debug_info    0x0000005a       0x9e obj/default/hello_world_small.o
 .debug_info    0x000000f8      0x12e ../embcpumemlast_bsp/\libhal_bsp.a(alt_load.o)
 .debug_info    0x00000226      0x14f ../embcpumemlast_bsp/\libhal_bsp.a(alt_main.o)
 .debug_info    0x00000375       0xfe ../embcpumemlast_bsp/\libhal_bsp.a(alt_sys_init.o)
 .debug_info    0x00000473       0x8d ../embcpumemlast_bsp/\libhal_bsp.a(alt_dcache_flush_all.o)
 .debug_info    0x00000500       0x8d ../embcpumemlast_bsp/\libhal_bsp.a(alt_icache_flush_all.o)
 .debug_info    0x0000058d       0xb7 ../embcpumemlast_bsp/\libhal_bsp.a(altera_nios2_qsys_irq.o)

.debug_abbrev   0x00000000      0x34b
 *(.debug_abbrev)
 .debug_abbrev  0x00000000       0x12 ../embcpumemlast_bsp//obj/HAL/src/crt0.o
 .debug_abbrev  0x00000012       0x5f obj/default/hello_world_small.o
 .debug_abbrev  0x00000071       0x97 ../embcpumemlast_bsp/\libhal_bsp.a(alt_load.o)
 .debug_abbrev  0x00000108       0xad ../embcpumemlast_bsp/\libhal_bsp.a(alt_main.o)
 .debug_abbrev  0x000001b5       0xb4 ../embcpumemlast_bsp/\libhal_bsp.a(alt_sys_init.o)
 .debug_abbrev  0x00000269       0x3f ../embcpumemlast_bsp/\libhal_bsp.a(alt_dcache_flush_all.o)
 .debug_abbrev  0x000002a8       0x3f ../embcpumemlast_bsp/\libhal_bsp.a(alt_icache_flush_all.o)
 .debug_abbrev  0x000002e7       0x64 ../embcpumemlast_bsp/\libhal_bsp.a(altera_nios2_qsys_irq.o)

.debug_line     0x00000000      0xdcf
 *(.debug_line)
 .debug_line    0x00000000       0x66 ../embcpumemlast_bsp//obj/HAL/src/crt0.o
 .debug_line    0x00000066      0x134 obj/default/hello_world_small.o
 .debug_line    0x0000019a      0x217 ../embcpumemlast_bsp/\libhal_bsp.a(alt_load.o)
 .debug_line    0x000003b1      0x2d6 ../embcpumemlast_bsp/\libhal_bsp.a(alt_main.o)
 .debug_line    0x00000687      0x1f7 ../embcpumemlast_bsp/\libhal_bsp.a(alt_sys_init.o)
 .debug_line    0x0000087e      0x1b5 ../embcpumemlast_bsp/\libhal_bsp.a(alt_dcache_flush_all.o)
 .debug_line    0x00000a33      0x1b5 ../embcpumemlast_bsp/\libhal_bsp.a(alt_icache_flush_all.o)
 .debug_line    0x00000be8      0x1e7 ../embcpumemlast_bsp/\libhal_bsp.a(altera_nios2_qsys_irq.o)

.debug_frame    0x00000000      0x118
 *(.debug_frame)
 .debug_frame   0x00000000       0x20 obj/default/hello_world_small.o
 .debug_frame   0x00000020       0x38 ../embcpumemlast_bsp/\libhal_bsp.a(alt_load.o)
 .debug_frame   0x00000058       0x28 ../embcpumemlast_bsp/\libhal_bsp.a(alt_main.o)
 .debug_frame   0x00000080       0x38 ../embcpumemlast_bsp/\libhal_bsp.a(alt_sys_init.o)
 .debug_frame   0x000000b8       0x20 ../embcpumemlast_bsp/\libhal_bsp.a(alt_dcache_flush_all.o)
 .debug_frame   0x000000d8       0x20 ../embcpumemlast_bsp/\libhal_bsp.a(alt_icache_flush_all.o)
 .debug_frame   0x000000f8       0x20 ../embcpumemlast_bsp/\libhal_bsp.a(altera_nios2_qsys_irq.o)

.debug_str      0x00000000      0x339
 *(.debug_str)
 .debug_str     0x00000000       0x9a obj/default/hello_world_small.o
                                 0xc6 (size before relaxing)
 .debug_str     0x0000009a      0x11a ../embcpumemlast_bsp/\libhal_bsp.a(alt_load.o)
                                0x1af (size before relaxing)
 .debug_str     0x000001b4       0x96 ../embcpumemlast_bsp/\libhal_bsp.a(alt_main.o)
                                0x15c (size before relaxing)
 .debug_str     0x0000024a       0x4c ../embcpumemlast_bsp/\libhal_bsp.a(alt_sys_init.o)
                                0x133 (size before relaxing)
 .debug_str     0x00000296       0x34 ../embcpumemlast_bsp/\libhal_bsp.a(alt_dcache_flush_all.o)
                                 0xf2 (size before relaxing)
 .debug_str     0x000002ca       0x34 ../embcpumemlast_bsp/\libhal_bsp.a(alt_icache_flush_all.o)
                                 0xf2 (size before relaxing)
 .debug_str     0x000002fe       0x3b ../embcpumemlast_bsp/\libhal_bsp.a(altera_nios2_qsys_irq.o)
                                0x122 (size before relaxing)

.debug_loc      0x00000000       0xa1
 *(.debug_loc)
 .debug_loc     0x00000000       0x31 obj/default/hello_world_small.o
 .debug_loc     0x00000031       0x1f ../embcpumemlast_bsp/\libhal_bsp.a(alt_load.o)
 .debug_loc     0x00000050       0x1f ../embcpumemlast_bsp/\libhal_bsp.a(alt_main.o)
 .debug_loc     0x0000006f       0x32 ../embcpumemlast_bsp/\libhal_bsp.a(alt_sys_init.o)

.debug_macinfo
 *(.debug_macinfo)

.debug_weaknames
 *(.debug_weaknames)

.debug_funcnames
 *(.debug_funcnames)

.debug_typenames
 *(.debug_typenames)

.debug_varnames
 *(.debug_varnames)

.debug_alt_sim_info
                0x00000000       0x10
 *(.debug_alt_sim_info)
 .debug_alt_sim_info
                0x00000000       0x10 ../embcpumemlast_bsp//obj/HAL/src/crt0.o
                0x01000000                __alt_data_end = 0x1000000
                0x01000000                PROVIDE (__alt_stack_pointer, __alt_data_end)
                0x0000000c                PROVIDE (__alt_stack_limit, __alt_stack_base)
                0x0000000c                PROVIDE (__alt_heap_start, end)
                0x01000000                PROVIDE (__alt_heap_limit, 0x1000000)
OUTPUT(embcpumemlast.elf elf32-littlenios2)

.debug_ranges   0x00000000       0x20
 .debug_ranges  0x00000000       0x20 ../embcpumemlast_bsp//obj/HAL/src/crt0.o
