Archive member included because of file (symbol)

../embcpudirect_bsp/\libhal_bsp.a(alt_load.o)
                              ../embcpudirect_bsp//obj/HAL/src/crt0.o (alt_load)
../embcpudirect_bsp/\libhal_bsp.a(alt_main.o)
                              ../embcpudirect_bsp//obj/HAL/src/crt0.o (alt_main)
../embcpudirect_bsp/\libhal_bsp.a(alt_usleep.o)
                              obj/default/hello_world_small.o (usleep)
../embcpudirect_bsp/\libhal_bsp.a(alt_sys_init.o)
                              ../embcpudirect_bsp/\libhal_bsp.a(alt_main.o) (alt_sys_init)
../embcpudirect_bsp/\libhal_bsp.a(alt_busy_sleep.o)
                              ../embcpudirect_bsp/\libhal_bsp.a(alt_usleep.o) (alt_busy_sleep)
../embcpudirect_bsp/\libhal_bsp.a(alt_dcache_flush_all.o)
                              ../embcpudirect_bsp/\libhal_bsp.a(alt_load.o) (alt_dcache_flush_all)
../embcpudirect_bsp/\libhal_bsp.a(alt_icache_flush_all.o)
                              ../embcpudirect_bsp/\libhal_bsp.a(alt_load.o) (alt_icache_flush_all)
../embcpudirect_bsp/\libhal_bsp.a(altera_nios2_qsys_irq.o)
                              ../embcpudirect_bsp/\libhal_bsp.a(alt_sys_init.o) (altera_nios2_qsys_irq_init)
c:/altera/13.0sp1/nios2eds/bin/gnu/h-i686-mingw32/bin/../lib/gcc/nios2-elf/4.1.2/mno-hw-mul\libgcc.a(lib2-divmod.o)
                              ../embcpudirect_bsp/\libhal_bsp.a(alt_busy_sleep.o) (__udivsi3)
c:/altera/13.0sp1/nios2eds/bin/gnu/h-i686-mingw32/bin/../lib/gcc/nios2-elf/4.1.2/mno-hw-mul\libgcc.a(lib2-mul.o)
                              ../embcpudirect_bsp/\libhal_bsp.a(alt_busy_sleep.o) (__mulsi3)

Memory Configuration

Name             Origin             Length             Attributes
new_sdram_controller_0 0x00000000         0x01000000
reset            0x01004000         0x00000020
onchip_memory2_0 0x01004020         0x00003fe0
*default*        0x00000000         0xffffffff

Linker script and memory map

LOAD ../embcpudirect_bsp//obj/HAL/src/crt0.o
                0x0100400c                exit = _exit
LOAD obj/default/hello_world_small.o
LOAD c:/altera/13.0sp1/nios2eds/bin/gnu/h-i686-mingw32/bin/../lib/gcc/nios2-elf/4.1.2/../../../../nios2-elf/lib/mno-hw-mul\libstdc++.a
LOAD c:/altera/13.0sp1/nios2eds/bin/gnu/h-i686-mingw32/bin/../lib/gcc/nios2-elf/4.1.2/../../../../nios2-elf/lib/mno-hw-mul\libm.a
LOAD c:/altera/13.0sp1/nios2eds/bin/gnu/h-i686-mingw32/bin/../lib/gcc/nios2-elf/4.1.2/mno-hw-mul\libgcc.a
START GROUP
LOAD c:/altera/13.0sp1/nios2eds/bin/gnu/h-i686-mingw32/bin/../lib/gcc/nios2-elf/4.1.2/../../../../nios2-elf/lib/mno-hw-mul\libsmallc.a
LOAD c:/altera/13.0sp1/nios2eds/bin/gnu/h-i686-mingw32/bin/../lib/gcc/nios2-elf/4.1.2/mno-hw-mul\libgcc.a
LOAD ../embcpudirect_bsp/\libhal_bsp.a
END GROUP
LOAD c:/altera/13.0sp1/nios2eds/bin/gnu/h-i686-mingw32/bin/../lib/gcc/nios2-elf/4.1.2/mno-hw-mul\libgcc.a
                0x00000000                __alt_mem_new_sdram_controller_0 = 0x0
                0x01004000                __alt_mem_onchip_memory2_0 = 0x1004000

.entry          0x01004000       0x20
 *(.entry)
 .entry         0x01004000       0x20 ../embcpudirect_bsp//obj/HAL/src/crt0.o
                0x01004000                __reset
                0x0100400c                _exit

.exceptions     0x01004020        0x0
                0x01004020                PROVIDE (__ram_exceptions_start, ABSOLUTE (.))
                0x01004020                . = ALIGN (0x20)
 *(.irq)
 *(.exceptions.entry.label)
 *(.exceptions.entry.user)
 *(.exceptions.entry)
 *(.exceptions.irqtest.user)
 *(.exceptions.irqtest)
 *(.exceptions.irqhandler.user)
 *(.exceptions.irqhandler)
 *(.exceptions.irqreturn.user)
 *(.exceptions.irqreturn)
 *(.exceptions.notirq.label)
 *(.exceptions.notirq.user)
 *(.exceptions.notirq)
 *(.exceptions.soft.user)
 *(.exceptions.soft)
 *(.exceptions.unknown.user)
 *(.exceptions.unknown)
 *(.exceptions.exit.label)
 *(.exceptions.exit.user)
 *(.exceptions.exit)
 *(.exceptions)
                0x01004020                PROVIDE (__ram_exceptions_end, ABSOLUTE (.))
                0x01004020                PROVIDE (__flash_exceptions_start, LOADADDR (.exceptions))

.text           0x01004020      0x378
                0x01004020                PROVIDE (stext, ABSOLUTE (.))
 *(.interp)
 *(.hash)
 *(.dynsym)
 *(.dynstr)
 *(.gnu.version)
 *(.gnu.version_d)
 *(.gnu.version_r)
 *(.rel.init)
 *(.rela.init)
 *(.rel.text .rel.text.* .rel.gnu.linkonce.t.*)
 *(.rela.text .rela.text.* .rela.gnu.linkonce.t.*)
 *(.rel.fini)
 *(.rela.fini)
 *(.rel.rodata .rel.rodata.* .rel.gnu.linkonce.r.*)
 *(.rela.rodata .rela.rodata.* .rela.gnu.linkonce.r.*)
 *(.rel.data .rel.data.* .rel.gnu.linkonce.d.*)
 *(.rela.data .rela.data.* .rela.gnu.linkonce.d.*)
 *(.rel.tdata .rel.tdata.* .rel.gnu.linkonce.td.*)
 *(.rela.tdata .rela.tdata.* .rela.gnu.linkonce.td.*)
 *(.rel.tbss .rel.tbss.* .rel.gnu.linkonce.tb.*)
 *(.rela.tbss .rela.tbss.* .rela.gnu.linkonce.tb.*)
 *(.rel.ctors)
 *(.rela.ctors)
 *(.rel.dtors)
 *(.rela.dtors)
 *(.rel.got)
 *(.rela.got)
 *(.rel.sdata .rel.sdata.* .rel.gnu.linkonce.s.*)
 *(.rela.sdata .rela.sdata.* .rela.gnu.linkonce.s.*)
 *(.rel.sbss .rel.sbss.* .rel.gnu.linkonce.sb.*)
 *(.rela.sbss .rela.sbss.* .rela.gnu.linkonce.sb.*)
 *(.rel.sdata2 .rel.sdata2.* .rel.gnu.linkonce.s2.*)
 *(.rela.sdata2 .rela.sdata2.* .rela.gnu.linkonce.s2.*)
 *(.rel.sbss2 .rel.sbss2.* .rel.gnu.linkonce.sb2.*)
 *(.rela.sbss2 .rela.sbss2.* .rela.gnu.linkonce.sb2.*)
 *(.rel.bss .rel.bss.* .rel.gnu.linkonce.b.*)
 *(.rela.bss .rela.bss.* .rela.gnu.linkonce.b.*)
 *(.rel.plt)
 *(.rela.plt)
 *(.rel.dyn)
 *(.init)
 *(.plt)
 *(.text .stub .text.* .gnu.linkonce.t.*)
 .text          0x01004020       0x3c ../embcpudirect_bsp//obj/HAL/src/crt0.o
                0x01004020                _start
 .text          0x0100405c       0x3c obj/default/hello_world_small.o
                0x0100405c                main
 .text          0x01004098       0x8c ../embcpudirect_bsp/\libhal_bsp.a(alt_load.o)
                0x010040b8                alt_load
 .text          0x01004124       0x2c ../embcpudirect_bsp/\libhal_bsp.a(alt_main.o)
                0x01004124                alt_main
 .text          0x01004150        0x4 ../embcpudirect_bsp/\libhal_bsp.a(alt_usleep.o)
                0x01004150                usleep
 .text          0x01004154       0x24 ../embcpudirect_bsp/\libhal_bsp.a(alt_sys_init.o)
                0x01004154                alt_sys_init
                0x01004158                alt_irq_init
 .text          0x01004178       0x8c ../embcpudirect_bsp/\libhal_bsp.a(alt_busy_sleep.o)
                0x01004178                alt_busy_sleep
 .text          0x01004204        0x4 ../embcpudirect_bsp/\libhal_bsp.a(alt_dcache_flush_all.o)
                0x01004204                alt_dcache_flush_all
 .text          0x01004208        0x4 ../embcpudirect_bsp/\libhal_bsp.a(alt_icache_flush_all.o)
                0x01004208                alt_icache_flush_all
 .text          0x0100420c        0x8 ../embcpudirect_bsp/\libhal_bsp.a(altera_nios2_qsys_irq.o)
                0x0100420c                altera_nios2_qsys_irq_init
 .text          0x01004214      0x14c c:/altera/13.0sp1/nios2eds/bin/gnu/h-i686-mingw32/bin/../lib/gcc/nios2-elf/4.1.2/mno-hw-mul\libgcc.a(lib2-divmod.o)
                0x01004290                __divsi3
                0x010042f0                __modsi3
                0x01004350                __udivsi3
                0x01004358                __umodsi3
 .text          0x01004360       0x38 c:/altera/13.0sp1/nios2eds/bin/gnu/h-i686-mingw32/bin/../lib/gcc/nios2-elf/4.1.2/mno-hw-mul\libgcc.a(lib2-mul.o)
                0x01004360                __mulsi3
 *(.gnu.warning.*)
 *(.fini)
                0x01004398                PROVIDE (__etext, ABSOLUTE (.))
                0x01004398                PROVIDE (_etext, ABSOLUTE (.))
                0x01004398                PROVIDE (etext, ABSOLUTE (.))
 *(.eh_frame_hdr)
                0x01004398                . = ALIGN (0x4)
                0x01004398                PROVIDE (__preinit_array_start, ABSOLUTE (.))
 *(.preinit_array)
                0x01004398                PROVIDE (__preinit_array_end, ABSOLUTE (.))
                0x01004398                PROVIDE (__init_array_start, ABSOLUTE (.))
 *(.init_array)
                0x01004398                PROVIDE (__init_array_end, ABSOLUTE (.))
                0x01004398                PROVIDE (__fini_array_start, ABSOLUTE (.))
 *(.fini_array)
                0x01004398                PROVIDE (__fini_array_end, ABSOLUTE (.))
 *(.eh_frame)
 *(.gcc_except_table)
 *(.dynamic)
                0x01004398                PROVIDE (__CTOR_LIST__, ABSOLUTE (.))
 *(.ctors)
 *(SORT(.ctors.*))
                0x01004398                PROVIDE (__CTOR_END__, ABSOLUTE (.))
                0x01004398                PROVIDE (__DTOR_LIST__, ABSOLUTE (.))
 *(.dtors)
 *(SORT(.dtors.*))
                0x01004398                PROVIDE (__DTOR_END__, ABSOLUTE (.))
 *(.jcr)
                0x01004398                . = ALIGN (0x4)

.rodata         0x00000000        0x0 load address 0x01004398
                0x00000000                PROVIDE (__ram_rodata_start, ABSOLUTE (.))
                0x00000000                . = ALIGN (0x4)
 *(.rodata .rodata.* .gnu.linkonce.r.*)
 *(.rodata1)
                0x00000000                . = ALIGN (0x4)
                0x00000000                PROVIDE (__ram_rodata_end, ABSOLUTE (.))
                0x01004398                PROVIDE (__flash_rodata_start, LOADADDR (.rodata))

.rwdata         0x00000000        0x4 load address 0x01004398
                0x00000000                PROVIDE (__ram_rwdata_start, ABSOLUTE (.))
                0x00000000                . = ALIGN (0x4)
 *(.got.plt)
 *(.got)
 *(.data1)
 *(.data .data.* .gnu.linkonce.d.*)
 .data          0x00000000        0x0 ../embcpudirect_bsp//obj/HAL/src/crt0.o
 .data          0x00000000        0x0 obj/default/hello_world_small.o
 .data          0x00000000        0x0 ../embcpudirect_bsp/\libhal_bsp.a(alt_load.o)
 .data          0x00000000        0x0 ../embcpudirect_bsp/\libhal_bsp.a(alt_main.o)
 .data          0x00000000        0x0 ../embcpudirect_bsp/\libhal_bsp.a(alt_usleep.o)
 .data          0x00000000        0x0 ../embcpudirect_bsp/\libhal_bsp.a(alt_sys_init.o)
 .data          0x00000000        0x0 ../embcpudirect_bsp/\libhal_bsp.a(alt_busy_sleep.o)
 .data          0x00000000        0x0 ../embcpudirect_bsp/\libhal_bsp.a(alt_dcache_flush_all.o)
 .data          0x00000000        0x0 ../embcpudirect_bsp/\libhal_bsp.a(alt_icache_flush_all.o)
 .data          0x00000000        0x0 ../embcpudirect_bsp/\libhal_bsp.a(altera_nios2_qsys_irq.o)
 .data          0x00000000        0x0 c:/altera/13.0sp1/nios2eds/bin/gnu/h-i686-mingw32/bin/../lib/gcc/nios2-elf/4.1.2/mno-hw-mul\libgcc.a(lib2-divmod.o)
 .data          0x00000000        0x0 c:/altera/13.0sp1/nios2eds/bin/gnu/h-i686-mingw32/bin/../lib/gcc/nios2-elf/4.1.2/mno-hw-mul\libgcc.a(lib2-mul.o)
                0x00008000                _gp = ABSOLUTE ((. + 0x8000))
                0x00008000                PROVIDE (gp, _gp)
 *(.rwdata .rwdata.*)
 *(.sdata .sdata.* .gnu.linkonce.s.*)
 .sdata         0x00000000        0x4 obj/default/hello_world_small.o
                0x00000000                leds_addr
 *(.sdata2 .sdata2.* .gnu.linkonce.s2.*)
                0x00000004                . = ALIGN (0x4)
                0x00000004                _edata = ABSOLUTE (.)
                0x00000004                PROVIDE (edata, ABSOLUTE (.))
                0x00000004                PROVIDE (__ram_rwdata_end, ABSOLUTE (.))
                0x01004398                PROVIDE (__flash_rwdata_start, LOADADDR (.rwdata))

.bss            0x00000004        0xc load address 0x0100439c
                0x00000004                __bss_start = ABSOLUTE (.)
                0x00000004                PROVIDE (__sbss_start, ABSOLUTE (.))
                0x00000004                PROVIDE (___sbss_start, ABSOLUTE (.))
 *(.dynsbss)
 *(.sbss .sbss.* .gnu.linkonce.sb.*)
 .sbss          0x00000004        0xc ../embcpudirect_bsp/\libhal_bsp.a(alt_main.o)
                0x00000004                alt_argc
                0x00000008                alt_argv
                0x0000000c                alt_envp
 *(.sbss2 .sbss2.* .gnu.linkonce.sb2.*)
 *(.scommon)
                0x00000010                PROVIDE (__sbss_end, ABSOLUTE (.))
                0x00000010                PROVIDE (___sbss_end, ABSOLUTE (.))
 *(.dynbss)
 *(.bss .bss.* .gnu.linkonce.b.*)
 .bss           0x00000010        0x0 ../embcpudirect_bsp//obj/HAL/src/crt0.o
 .bss           0x00000010        0x0 obj/default/hello_world_small.o
 .bss           0x00000010        0x0 ../embcpudirect_bsp/\libhal_bsp.a(alt_load.o)
 .bss           0x00000010        0x0 ../embcpudirect_bsp/\libhal_bsp.a(alt_main.o)
 .bss           0x00000010        0x0 ../embcpudirect_bsp/\libhal_bsp.a(alt_usleep.o)
 .bss           0x00000010        0x0 ../embcpudirect_bsp/\libhal_bsp.a(alt_sys_init.o)
 .bss           0x00000010        0x0 ../embcpudirect_bsp/\libhal_bsp.a(alt_busy_sleep.o)
 .bss           0x00000010        0x0 ../embcpudirect_bsp/\libhal_bsp.a(alt_dcache_flush_all.o)
 .bss           0x00000010        0x0 ../embcpudirect_bsp/\libhal_bsp.a(alt_icache_flush_all.o)
 .bss           0x00000010        0x0 ../embcpudirect_bsp/\libhal_bsp.a(altera_nios2_qsys_irq.o)
 .bss           0x00000010        0x0 c:/altera/13.0sp1/nios2eds/bin/gnu/h-i686-mingw32/bin/../lib/gcc/nios2-elf/4.1.2/mno-hw-mul\libgcc.a(lib2-divmod.o)
 .bss           0x00000010        0x0 c:/altera/13.0sp1/nios2eds/bin/gnu/h-i686-mingw32/bin/../lib/gcc/nios2-elf/4.1.2/mno-hw-mul\libgcc.a(lib2-mul.o)
 *(COMMON)
                0x00000010                . = ALIGN (0x4)
                0x00000010                __bss_end = ABSOLUTE (.)

.new_sdram_controller_0
                0x00000010        0x0 load address 0x0100439c
                0x00000010                PROVIDE (_alt_partition_new_sdram_controller_0_start, ABSOLUTE (.))
 *(.new_sdram_controller_0. new_sdram_controller_0.*)
                0x00000010                . = ALIGN (0x4)
                0x00000010                PROVIDE (_alt_partition_new_sdram_controller_0_end, ABSOLUTE (.))
                0x00000010                _end = ABSOLUTE (.)
                0x00000010                end = ABSOLUTE (.)
                0x00000010                __alt_stack_base = ABSOLUTE (.)
                0x0100439c                PROVIDE (_alt_partition_new_sdram_controller_0_load_addr, LOADADDR (.new_sdram_controller_0))

.onchip_memory2_0
                0x0100439c        0x0
                0x0100439c                PROVIDE (_alt_partition_onchip_memory2_0_start, ABSOLUTE (.))
 *(.onchip_memory2_0. onchip_memory2_0.*)
                0x0100439c                . = ALIGN (0x4)
                0x0100439c                PROVIDE (_alt_partition_onchip_memory2_0_end, ABSOLUTE (.))
                0x0100439c                PROVIDE (_alt_partition_onchip_memory2_0_load_addr, LOADADDR (.onchip_memory2_0))

.stab
 *(.stab)

.stabstr
 *(.stabstr)

.stab.excl
 *(.stab.excl)

.stab.exclstr
 *(.stab.exclstr)

.stab.index
 *(.stab.index)

.stab.indexstr
 *(.stab.indexstr)

.comment        0x00000000       0x26
 *(.comment)
 .comment       0x00000000       0x26 obj/default/hello_world_small.o
                                 0x27 (size before relaxing)
 .comment       0x00000000       0x27 ../embcpudirect_bsp/\libhal_bsp.a(alt_load.o)
 .comment       0x00000000       0x27 ../embcpudirect_bsp/\libhal_bsp.a(alt_main.o)
 .comment       0x00000000       0x27 ../embcpudirect_bsp/\libhal_bsp.a(alt_usleep.o)
 .comment       0x00000000       0x27 ../embcpudirect_bsp/\libhal_bsp.a(alt_sys_init.o)
 .comment       0x00000000       0x27 ../embcpudirect_bsp/\libhal_bsp.a(alt_busy_sleep.o)
 .comment       0x00000000       0x27 ../embcpudirect_bsp/\libhal_bsp.a(alt_dcache_flush_all.o)
 .comment       0x00000000       0x27 ../embcpudirect_bsp/\libhal_bsp.a(alt_icache_flush_all.o)
 .comment       0x00000000       0x27 ../embcpudirect_bsp/\libhal_bsp.a(altera_nios2_qsys_irq.o)
 .comment       0x00000000       0x27 c:/altera/13.0sp1/nios2eds/bin/gnu/h-i686-mingw32/bin/../lib/gcc/nios2-elf/4.1.2/mno-hw-mul\libgcc.a(lib2-divmod.o)
 .comment       0x00000000       0x27 c:/altera/13.0sp1/nios2eds/bin/gnu/h-i686-mingw32/bin/../lib/gcc/nios2-elf/4.1.2/mno-hw-mul\libgcc.a(lib2-mul.o)

.debug
 *(.debug)

.line
 *(.line)

.debug_srcinfo
 *(.debug_srcinfo)

.debug_sfnames
 *(.debug_sfnames)

.debug_aranges  0x00000000      0x188
 *(.debug_aranges)
 .debug_aranges
                0x00000000       0x28 ../embcpudirect_bsp//obj/HAL/src/crt0.o
 .debug_aranges
                0x00000028       0x20 obj/default/hello_world_small.o
 .debug_aranges
                0x00000048       0x20 ../embcpudirect_bsp/\libhal_bsp.a(alt_load.o)
 .debug_aranges
                0x00000068       0x20 ../embcpudirect_bsp/\libhal_bsp.a(alt_main.o)
 .debug_aranges
                0x00000088       0x20 ../embcpudirect_bsp/\libhal_bsp.a(alt_usleep.o)
 .debug_aranges
                0x000000a8       0x20 ../embcpudirect_bsp/\libhal_bsp.a(alt_sys_init.o)
 .debug_aranges
                0x000000c8       0x20 ../embcpudirect_bsp/\libhal_bsp.a(alt_busy_sleep.o)
 .debug_aranges
                0x000000e8       0x20 ../embcpudirect_bsp/\libhal_bsp.a(alt_dcache_flush_all.o)
 .debug_aranges
                0x00000108       0x20 ../embcpudirect_bsp/\libhal_bsp.a(alt_icache_flush_all.o)
 .debug_aranges
                0x00000128       0x20 ../embcpudirect_bsp/\libhal_bsp.a(altera_nios2_qsys_irq.o)
 .debug_aranges
                0x00000148       0x20 c:/altera/13.0sp1/nios2eds/bin/gnu/h-i686-mingw32/bin/../lib/gcc/nios2-elf/4.1.2/mno-hw-mul\libgcc.a(lib2-divmod.o)
 .debug_aranges
                0x00000168       0x20 c:/altera/13.0sp1/nios2eds/bin/gnu/h-i686-mingw32/bin/../lib/gcc/nios2-elf/4.1.2/mno-hw-mul\libgcc.a(lib2-mul.o)

.debug_pubnames
                0x00000000      0x1f2
 *(.debug_pubnames)
 .debug_pubnames
                0x00000000       0x29 obj/default/hello_world_small.o
 .debug_pubnames
                0x00000029       0x1f ../embcpudirect_bsp/\libhal_bsp.a(alt_load.o)
 .debug_pubnames
                0x00000048       0x46 ../embcpudirect_bsp/\libhal_bsp.a(alt_main.o)
 .debug_pubnames
                0x0000008e       0x1d ../embcpudirect_bsp/\libhal_bsp.a(alt_usleep.o)
 .debug_pubnames
                0x000000ab       0x34 ../embcpudirect_bsp/\libhal_bsp.a(alt_sys_init.o)
 .debug_pubnames
                0x000000df       0x25 ../embcpudirect_bsp/\libhal_bsp.a(alt_busy_sleep.o)
 .debug_pubnames
                0x00000104       0x2b ../embcpudirect_bsp/\libhal_bsp.a(alt_dcache_flush_all.o)
 .debug_pubnames
                0x0000012f       0x2b ../embcpudirect_bsp/\libhal_bsp.a(alt_icache_flush_all.o)
 .debug_pubnames
                0x0000015a       0x31 ../embcpudirect_bsp/\libhal_bsp.a(altera_nios2_qsys_irq.o)
 .debug_pubnames
                0x0000018b       0x48 c:/altera/13.0sp1/nios2eds/bin/gnu/h-i686-mingw32/bin/../lib/gcc/nios2-elf/4.1.2/mno-hw-mul\libgcc.a(lib2-divmod.o)
 .debug_pubnames
                0x000001d3       0x1f c:/altera/13.0sp1/nios2eds/bin/gnu/h-i686-mingw32/bin/../lib/gcc/nios2-elf/4.1.2/mno-hw-mul\libgcc.a(lib2-mul.o)

.debug_info     0x00000000      0xaaa
 *(.debug_info .gnu.linkonce.wi.*)
 .debug_info    0x00000000       0x59 ../embcpudirect_bsp//obj/HAL/src/crt0.o
 .debug_info    0x00000059       0x7b obj/default/hello_world_small.o
 .debug_info    0x000000d4      0x12e ../embcpudirect_bsp/\libhal_bsp.a(alt_load.o)
 .debug_info    0x00000202      0x14f ../embcpudirect_bsp/\libhal_bsp.a(alt_main.o)
 .debug_info    0x00000351       0xab ../embcpudirect_bsp/\libhal_bsp.a(alt_usleep.o)
 .debug_info    0x000003fc       0xfe ../embcpudirect_bsp/\libhal_bsp.a(alt_sys_init.o)
 .debug_info    0x000004fa       0xd0 ../embcpudirect_bsp/\libhal_bsp.a(alt_busy_sleep.o)
 .debug_info    0x000005ca       0x8d ../embcpudirect_bsp/\libhal_bsp.a(alt_dcache_flush_all.o)
 .debug_info    0x00000657       0x8d ../embcpudirect_bsp/\libhal_bsp.a(alt_icache_flush_all.o)
 .debug_info    0x000006e4       0xb7 ../embcpudirect_bsp/\libhal_bsp.a(altera_nios2_qsys_irq.o)
 .debug_info    0x0000079b      0x21c c:/altera/13.0sp1/nios2eds/bin/gnu/h-i686-mingw32/bin/../lib/gcc/nios2-elf/4.1.2/mno-hw-mul\libgcc.a(lib2-divmod.o)
 .debug_info    0x000009b7       0xf3 c:/altera/13.0sp1/nios2eds/bin/gnu/h-i686-mingw32/bin/../lib/gcc/nios2-elf/4.1.2/mno-hw-mul\libgcc.a(lib2-mul.o)

.debug_abbrev   0x00000000      0x58e
 *(.debug_abbrev)
 .debug_abbrev  0x00000000       0x12 ../embcpudirect_bsp//obj/HAL/src/crt0.o
 .debug_abbrev  0x00000012       0x71 obj/default/hello_world_small.o
 .debug_abbrev  0x00000083       0x97 ../embcpudirect_bsp/\libhal_bsp.a(alt_load.o)
 .debug_abbrev  0x0000011a       0xad ../embcpudirect_bsp/\libhal_bsp.a(alt_main.o)
 .debug_abbrev  0x000001c7       0x5d ../embcpudirect_bsp/\libhal_bsp.a(alt_usleep.o)
 .debug_abbrev  0x00000224       0xb4 ../embcpudirect_bsp/\libhal_bsp.a(alt_sys_init.o)
 .debug_abbrev  0x000002d8       0x79 ../embcpudirect_bsp/\libhal_bsp.a(alt_busy_sleep.o)
 .debug_abbrev  0x00000351       0x3f ../embcpudirect_bsp/\libhal_bsp.a(alt_dcache_flush_all.o)
 .debug_abbrev  0x00000390       0x3f ../embcpudirect_bsp/\libhal_bsp.a(alt_icache_flush_all.o)
 .debug_abbrev  0x000003cf       0x64 ../embcpudirect_bsp/\libhal_bsp.a(altera_nios2_qsys_irq.o)
 .debug_abbrev  0x00000433       0xe0 c:/altera/13.0sp1/nios2eds/bin/gnu/h-i686-mingw32/bin/../lib/gcc/nios2-elf/4.1.2/mno-hw-mul\libgcc.a(lib2-divmod.o)
 .debug_abbrev  0x00000513       0x7b c:/altera/13.0sp1/nios2eds/bin/gnu/h-i686-mingw32/bin/../lib/gcc/nios2-elf/4.1.2/mno-hw-mul\libgcc.a(lib2-mul.o)

.debug_line     0x00000000     0x157b
 *(.debug_line)
 .debug_line    0x00000000       0x66 ../embcpudirect_bsp//obj/HAL/src/crt0.o
 .debug_line    0x00000066      0x117 obj/default/hello_world_small.o
 .debug_line    0x0000017d      0x217 ../embcpudirect_bsp/\libhal_bsp.a(alt_load.o)
 .debug_line    0x00000394      0x2d6 ../embcpudirect_bsp/\libhal_bsp.a(alt_main.o)
 .debug_line    0x0000066a      0x202 ../embcpudirect_bsp/\libhal_bsp.a(alt_usleep.o)
 .debug_line    0x0000086c      0x1f7 ../embcpudirect_bsp/\libhal_bsp.a(alt_sys_init.o)
 .debug_line    0x00000a63      0x25e ../embcpudirect_bsp/\libhal_bsp.a(alt_busy_sleep.o)
 .debug_line    0x00000cc1      0x1b5 ../embcpudirect_bsp/\libhal_bsp.a(alt_dcache_flush_all.o)
 .debug_line    0x00000e76      0x1b5 ../embcpudirect_bsp/\libhal_bsp.a(alt_icache_flush_all.o)
 .debug_line    0x0000102b      0x1e7 ../embcpudirect_bsp/\libhal_bsp.a(altera_nios2_qsys_irq.o)
 .debug_line    0x00001212      0x24f c:/altera/13.0sp1/nios2eds/bin/gnu/h-i686-mingw32/bin/../lib/gcc/nios2-elf/4.1.2/mno-hw-mul\libgcc.a(lib2-divmod.o)
 .debug_line    0x00001461      0x11a c:/altera/13.0sp1/nios2eds/bin/gnu/h-i686-mingw32/bin/../lib/gcc/nios2-elf/4.1.2/mno-hw-mul\libgcc.a(lib2-mul.o)

.debug_frame    0x00000000      0x1f8
 *(.debug_frame)
 .debug_frame   0x00000000       0x28 obj/default/hello_world_small.o
 .debug_frame   0x00000028       0x38 ../embcpudirect_bsp/\libhal_bsp.a(alt_load.o)
 .debug_frame   0x00000060       0x28 ../embcpudirect_bsp/\libhal_bsp.a(alt_main.o)
 .debug_frame   0x00000088       0x20 ../embcpudirect_bsp/\libhal_bsp.a(alt_usleep.o)
 .debug_frame   0x000000a8       0x38 ../embcpudirect_bsp/\libhal_bsp.a(alt_sys_init.o)
 .debug_frame   0x000000e0       0x28 ../embcpudirect_bsp/\libhal_bsp.a(alt_busy_sleep.o)
 .debug_frame   0x00000108       0x20 ../embcpudirect_bsp/\libhal_bsp.a(alt_dcache_flush_all.o)
 .debug_frame   0x00000128       0x20 ../embcpudirect_bsp/\libhal_bsp.a(alt_icache_flush_all.o)
 .debug_frame   0x00000148       0x20 ../embcpudirect_bsp/\libhal_bsp.a(altera_nios2_qsys_irq.o)
 .debug_frame   0x00000168       0x70 c:/altera/13.0sp1/nios2eds/bin/gnu/h-i686-mingw32/bin/../lib/gcc/nios2-elf/4.1.2/mno-hw-mul\libgcc.a(lib2-divmod.o)
 .debug_frame   0x000001d8       0x20 c:/altera/13.0sp1/nios2eds/bin/gnu/h-i686-mingw32/bin/../lib/gcc/nios2-elf/4.1.2/mno-hw-mul\libgcc.a(lib2-mul.o)

.debug_str      0x00000000      0x4ed
 *(.debug_str)
 .debug_str     0x00000000       0x54 obj/default/hello_world_small.o
                                 0x66 (size before relaxing)
 .debug_str     0x00000054      0x169 ../embcpudirect_bsp/\libhal_bsp.a(alt_load.o)
                                0x1ae (size before relaxing)
 .debug_str     0x000001bd       0x96 ../embcpudirect_bsp/\libhal_bsp.a(alt_main.o)
                                0x15b (size before relaxing)
 .debug_str     0x00000253       0x27 ../embcpudirect_bsp/\libhal_bsp.a(alt_usleep.o)
                                 0xe4 (size before relaxing)
 .debug_str     0x0000027a       0x4c ../embcpudirect_bsp/\libhal_bsp.a(alt_sys_init.o)
                                0x132 (size before relaxing)
 .debug_str     0x000002c6       0x42 ../embcpudirect_bsp/\libhal_bsp.a(alt_busy_sleep.o)
                                0x107 (size before relaxing)
 .debug_str     0x00000308       0x34 ../embcpudirect_bsp/\libhal_bsp.a(alt_dcache_flush_all.o)
                                 0xf1 (size before relaxing)
 .debug_str     0x0000033c       0x34 ../embcpudirect_bsp/\libhal_bsp.a(alt_icache_flush_all.o)
                                 0xf1 (size before relaxing)
 .debug_str     0x00000370       0x3b ../embcpudirect_bsp/\libhal_bsp.a(altera_nios2_qsys_irq.o)
                                0x121 (size before relaxing)
 .debug_str     0x000003ab      0x10b c:/altera/13.0sp1/nios2eds/bin/gnu/h-i686-mingw32/bin/../lib/gcc/nios2-elf/4.1.2/mno-hw-mul\libgcc.a(lib2-divmod.o)
                                0x1b4 (size before relaxing)
 .debug_str     0x000004b6       0x37 c:/altera/13.0sp1/nios2eds/bin/gnu/h-i686-mingw32/bin/../lib/gcc/nios2-elf/4.1.2/mno-hw-mul\libgcc.a(lib2-mul.o)
                                0x175 (size before relaxing)

.debug_loc      0x00000000      0x313
 *(.debug_loc)
 .debug_loc     0x00000000       0x1f obj/default/hello_world_small.o
 .debug_loc     0x0000001f       0x1f ../embcpudirect_bsp/\libhal_bsp.a(alt_load.o)
 .debug_loc     0x0000003e       0x1f ../embcpudirect_bsp/\libhal_bsp.a(alt_main.o)
 .debug_loc     0x0000005d       0x13 ../embcpudirect_bsp/\libhal_bsp.a(alt_usleep.o)
 .debug_loc     0x00000070       0x32 ../embcpudirect_bsp/\libhal_bsp.a(alt_sys_init.o)
 .debug_loc     0x000000a2       0x50 ../embcpudirect_bsp/\libhal_bsp.a(alt_busy_sleep.o)
 .debug_loc     0x000000f2      0x1d2 c:/altera/13.0sp1/nios2eds/bin/gnu/h-i686-mingw32/bin/../lib/gcc/nios2-elf/4.1.2/mno-hw-mul\libgcc.a(lib2-divmod.o)
 .debug_loc     0x000002c4       0x4f c:/altera/13.0sp1/nios2eds/bin/gnu/h-i686-mingw32/bin/../lib/gcc/nios2-elf/4.1.2/mno-hw-mul\libgcc.a(lib2-mul.o)

.debug_macinfo
 *(.debug_macinfo)

.debug_weaknames
 *(.debug_weaknames)

.debug_funcnames
 *(.debug_funcnames)

.debug_typenames
 *(.debug_typenames)

.debug_varnames
 *(.debug_varnames)

.debug_alt_sim_info
                0x00000000       0x40
 *(.debug_alt_sim_info)
 .debug_alt_sim_info
                0x00000000       0x10 ../embcpudirect_bsp//obj/HAL/src/crt0.o
 .debug_alt_sim_info
                0x00000010       0x30 ../embcpudirect_bsp/\libhal_bsp.a(alt_busy_sleep.o)
                0x01000000                __alt_data_end = 0x1000000
                0x01000000                PROVIDE (__alt_stack_pointer, __alt_data_end)
                0x00000010                PROVIDE (__alt_stack_limit, __alt_stack_base)
                0x00000010                PROVIDE (__alt_heap_start, end)
                0x01000000                PROVIDE (__alt_heap_limit, 0x1000000)
OUTPUT(embcpudirect.elf elf32-littlenios2)

.debug_ranges   0x00000000       0x20
 .debug_ranges  0x00000000       0x20 ../embcpudirect_bsp//obj/HAL/src/crt0.o
