Archive member included because of file (symbol)

c:/altera/13.0sp1/nios2eds/bin/gnu/h-i686-mingw32/bin/../lib/gcc/nios2-elf/4.1.2/../../../../nios2-elf/lib/mno-hw-mul\libsmallc.a(lib_a-memset.o)
                              obj/default/hello_world_small.o (memset)
../embcpumem_bsp/\libhal_bsp.a(alt_load.o)
                              ../embcpumem_bsp//obj/HAL/src/crt0.o (alt_load)
../embcpumem_bsp/\libhal_bsp.a(alt_main.o)
                              ../embcpumem_bsp//obj/HAL/src/crt0.o (alt_main)
../embcpumem_bsp/\libhal_bsp.a(alt_usleep.o)
                              obj/default/hello_world_small.o (usleep)
../embcpumem_bsp/\libhal_bsp.a(alt_sys_init.o)
                              ../embcpumem_bsp/\libhal_bsp.a(alt_main.o) (alt_sys_init)
../embcpumem_bsp/\libhal_bsp.a(alt_busy_sleep.o)
                              ../embcpumem_bsp/\libhal_bsp.a(alt_usleep.o) (alt_busy_sleep)
../embcpumem_bsp/\libhal_bsp.a(alt_dcache_flush_all.o)
                              ../embcpumem_bsp/\libhal_bsp.a(alt_load.o) (alt_dcache_flush_all)
../embcpumem_bsp/\libhal_bsp.a(alt_icache_flush_all.o)
                              ../embcpumem_bsp/\libhal_bsp.a(alt_load.o) (alt_icache_flush_all)
../embcpumem_bsp/\libhal_bsp.a(altera_nios2_qsys_irq.o)
                              ../embcpumem_bsp/\libhal_bsp.a(alt_sys_init.o) (altera_nios2_qsys_irq_init)
c:/altera/13.0sp1/nios2eds/bin/gnu/h-i686-mingw32/bin/../lib/gcc/nios2-elf/4.1.2/mno-hw-mul\libgcc.a(lib2-divmod.o)
                              ../embcpumem_bsp/\libhal_bsp.a(alt_busy_sleep.o) (__udivsi3)
c:/altera/13.0sp1/nios2eds/bin/gnu/h-i686-mingw32/bin/../lib/gcc/nios2-elf/4.1.2/mno-hw-mul\libgcc.a(lib2-mul.o)
                              ../embcpumem_bsp/\libhal_bsp.a(alt_busy_sleep.o) (__mulsi3)

Memory Configuration

Name             Origin             Length             Attributes
new_sdram_controller_0 0x00000000         0x01000000
reset            0x01004000         0x00000020
onchip_memory2_0 0x01004020         0x00003fe0
*default*        0x00000000         0xffffffff

Linker script and memory map

LOAD ../embcpumem_bsp//obj/HAL/src/crt0.o
                0x0100400c                exit = _exit
LOAD obj/default/hello_world_small.o
LOAD c:/altera/13.0sp1/nios2eds/bin/gnu/h-i686-mingw32/bin/../lib/gcc/nios2-elf/4.1.2/../../../../nios2-elf/lib/mno-hw-mul\libstdc++.a
LOAD c:/altera/13.0sp1/nios2eds/bin/gnu/h-i686-mingw32/bin/../lib/gcc/nios2-elf/4.1.2/../../../../nios2-elf/lib/mno-hw-mul\libm.a
LOAD c:/altera/13.0sp1/nios2eds/bin/gnu/h-i686-mingw32/bin/../lib/gcc/nios2-elf/4.1.2/mno-hw-mul\libgcc.a
START GROUP
LOAD c:/altera/13.0sp1/nios2eds/bin/gnu/h-i686-mingw32/bin/../lib/gcc/nios2-elf/4.1.2/../../../../nios2-elf/lib/mno-hw-mul\libsmallc.a
LOAD c:/altera/13.0sp1/nios2eds/bin/gnu/h-i686-mingw32/bin/../lib/gcc/nios2-elf/4.1.2/mno-hw-mul\libgcc.a
LOAD ../embcpumem_bsp/\libhal_bsp.a
END GROUP
LOAD c:/altera/13.0sp1/nios2eds/bin/gnu/h-i686-mingw32/bin/../lib/gcc/nios2-elf/4.1.2/mno-hw-mul\libgcc.a
                0x00000000                __alt_mem_new_sdram_controller_0 = 0x0
                0x01004000                __alt_mem_onchip_memory2_0 = 0x1004000

.entry          0x01004000       0x20
 *(.entry)
 .entry         0x01004000       0x20 ../embcpumem_bsp//obj/HAL/src/crt0.o
                0x01004000                __reset
                0x0100400c                _exit

.exceptions     0x01004020        0x0
                0x01004020                PROVIDE (__ram_exceptions_start, ABSOLUTE (.))
                0x01004020                . = ALIGN (0x20)
 *(.irq)
 *(.exceptions.entry.label)
 *(.exceptions.entry.user)
 *(.exceptions.entry)
 *(.exceptions.irqtest.user)
 *(.exceptions.irqtest)
 *(.exceptions.irqhandler.user)
 *(.exceptions.irqhandler)
 *(.exceptions.irqreturn.user)
 *(.exceptions.irqreturn)
 *(.exceptions.notirq.label)
 *(.exceptions.notirq.user)
 *(.exceptions.notirq)
 *(.exceptions.soft.user)
 *(.exceptions.soft)
 *(.exceptions.unknown.user)
 *(.exceptions.unknown)
 *(.exceptions.exit.label)
 *(.exceptions.exit.user)
 *(.exceptions.exit)
 *(.exceptions)
                0x01004020                PROVIDE (__ram_exceptions_end, ABSOLUTE (.))
                0x01004020                PROVIDE (__flash_exceptions_start, LOADADDR (.exceptions))

.text           0x01004020      0x4b0
                0x01004020                PROVIDE (stext, ABSOLUTE (.))
 *(.interp)
 *(.hash)
 *(.dynsym)
 *(.dynstr)
 *(.gnu.version)
 *(.gnu.version_d)
 *(.gnu.version_r)
 *(.rel.init)
 *(.rela.init)
 *(.rel.text .rel.text.* .rel.gnu.linkonce.t.*)
 *(.rela.text .rela.text.* .rela.gnu.linkonce.t.*)
 *(.rel.fini)
 *(.rela.fini)
 *(.rel.rodata .rel.rodata.* .rel.gnu.linkonce.r.*)
 *(.rela.rodata .rela.rodata.* .rela.gnu.linkonce.r.*)
 *(.rel.data .rel.data.* .rel.gnu.linkonce.d.*)
 *(.rela.data .rela.data.* .rela.gnu.linkonce.d.*)
 *(.rel.tdata .rel.tdata.* .rel.gnu.linkonce.td.*)
 *(.rela.tdata .rela.tdata.* .rela.gnu.linkonce.td.*)
 *(.rel.tbss .rel.tbss.* .rel.gnu.linkonce.tb.*)
 *(.rela.tbss .rela.tbss.* .rela.gnu.linkonce.tb.*)
 *(.rel.ctors)
 *(.rela.ctors)
 *(.rel.dtors)
 *(.rela.dtors)
 *(.rel.got)
 *(.rela.got)
 *(.rel.sdata .rel.sdata.* .rel.gnu.linkonce.s.*)
 *(.rela.sdata .rela.sdata.* .rela.gnu.linkonce.s.*)
 *(.rel.sbss .rel.sbss.* .rel.gnu.linkonce.sb.*)
 *(.rela.sbss .rela.sbss.* .rela.gnu.linkonce.sb.*)
 *(.rel.sdata2 .rel.sdata2.* .rel.gnu.linkonce.s2.*)
 *(.rela.sdata2 .rela.sdata2.* .rela.gnu.linkonce.s2.*)
 *(.rel.sbss2 .rel.sbss2.* .rel.gnu.linkonce.sb2.*)
 *(.rela.sbss2 .rela.sbss2.* .rela.gnu.linkonce.sb2.*)
 *(.rel.bss .rel.bss.* .rel.gnu.linkonce.b.*)
 *(.rela.bss .rela.bss.* .rela.gnu.linkonce.b.*)
 *(.rel.plt)
 *(.rela.plt)
 *(.rel.dyn)
 *(.init)
 *(.plt)
 *(.text .stub .text.* .gnu.linkonce.t.*)
 .text          0x01004020       0x3c ../embcpumem_bsp//obj/HAL/src/crt0.o
                0x01004020                _start
 .text          0x0100405c      0x154 obj/default/hello_world_small.o
                0x0100405c                main
 .text          0x010041b0       0x20 c:/altera/13.0sp1/nios2eds/bin/gnu/h-i686-mingw32/bin/../lib/gcc/nios2-elf/4.1.2/../../../../nios2-elf/lib/mno-hw-mul\libsmallc.a(lib_a-memset.o)
                0x010041b0                memset
 .text          0x010041d0       0x8c ../embcpumem_bsp/\libhal_bsp.a(alt_load.o)
                0x010041f0                alt_load
 .text          0x0100425c       0x2c ../embcpumem_bsp/\libhal_bsp.a(alt_main.o)
                0x0100425c                alt_main
 .text          0x01004288        0x4 ../embcpumem_bsp/\libhal_bsp.a(alt_usleep.o)
                0x01004288                usleep
 .text          0x0100428c       0x24 ../embcpumem_bsp/\libhal_bsp.a(alt_sys_init.o)
                0x0100428c                alt_sys_init
                0x01004290                alt_irq_init
 .text          0x010042b0       0x8c ../embcpumem_bsp/\libhal_bsp.a(alt_busy_sleep.o)
                0x010042b0                alt_busy_sleep
 .text          0x0100433c        0x4 ../embcpumem_bsp/\libhal_bsp.a(alt_dcache_flush_all.o)
                0x0100433c                alt_dcache_flush_all
 .text          0x01004340        0x4 ../embcpumem_bsp/\libhal_bsp.a(alt_icache_flush_all.o)
                0x01004340                alt_icache_flush_all
 .text          0x01004344        0x8 ../embcpumem_bsp/\libhal_bsp.a(altera_nios2_qsys_irq.o)
                0x01004344                altera_nios2_qsys_irq_init
 .text          0x0100434c      0x14c c:/altera/13.0sp1/nios2eds/bin/gnu/h-i686-mingw32/bin/../lib/gcc/nios2-elf/4.1.2/mno-hw-mul\libgcc.a(lib2-divmod.o)
                0x010043c8                __divsi3
                0x01004428                __modsi3
                0x01004488                __udivsi3
                0x01004490                __umodsi3
 .text          0x01004498       0x38 c:/altera/13.0sp1/nios2eds/bin/gnu/h-i686-mingw32/bin/../lib/gcc/nios2-elf/4.1.2/mno-hw-mul\libgcc.a(lib2-mul.o)
                0x01004498                __mulsi3
 *(.gnu.warning.*)
 *(.fini)
                0x010044d0                PROVIDE (__etext, ABSOLUTE (.))
                0x010044d0                PROVIDE (_etext, ABSOLUTE (.))
                0x010044d0                PROVIDE (etext, ABSOLUTE (.))
 *(.eh_frame_hdr)
                0x010044d0                . = ALIGN (0x4)
                0x010044d0                PROVIDE (__preinit_array_start, ABSOLUTE (.))
 *(.preinit_array)
                0x010044d0                PROVIDE (__preinit_array_end, ABSOLUTE (.))
                0x010044d0                PROVIDE (__init_array_start, ABSOLUTE (.))
 *(.init_array)
                0x010044d0                PROVIDE (__init_array_end, ABSOLUTE (.))
                0x010044d0                PROVIDE (__fini_array_start, ABSOLUTE (.))
 *(.fini_array)
                0x010044d0                PROVIDE (__fini_array_end, ABSOLUTE (.))
 *(.eh_frame)
 *(.gcc_except_table)
 *(.dynamic)
                0x010044d0                PROVIDE (__CTOR_LIST__, ABSOLUTE (.))
 *(.ctors)
 *(SORT(.ctors.*))
                0x010044d0                PROVIDE (__CTOR_END__, ABSOLUTE (.))
                0x010044d0                PROVIDE (__DTOR_LIST__, ABSOLUTE (.))
 *(.dtors)
 *(SORT(.dtors.*))
                0x010044d0                PROVIDE (__DTOR_END__, ABSOLUTE (.))
 *(.jcr)
                0x010044d0                . = ALIGN (0x4)

.rodata         0x00000000        0x0 load address 0x010044d0
                0x00000000                PROVIDE (__ram_rodata_start, ABSOLUTE (.))
                0x00000000                . = ALIGN (0x4)
 *(.rodata .rodata.* .gnu.linkonce.r.*)
 *(.rodata1)
                0x00000000                . = ALIGN (0x4)
                0x00000000                PROVIDE (__ram_rodata_end, ABSOLUTE (.))
                0x010044d0                PROVIDE (__flash_rodata_start, LOADADDR (.rodata))

.rwdata         0x00000000        0x0 load address 0x010044d0
                0x00000000                PROVIDE (__ram_rwdata_start, ABSOLUTE (.))
                0x00000000                . = ALIGN (0x4)
 *(.got.plt)
 *(.got)
 *(.data1)
 *(.data .data.* .gnu.linkonce.d.*)
 .data          0x00000000        0x0 ../embcpumem_bsp//obj/HAL/src/crt0.o
 .data          0x00000000        0x0 obj/default/hello_world_small.o
 .data          0x00000000        0x0 c:/altera/13.0sp1/nios2eds/bin/gnu/h-i686-mingw32/bin/../lib/gcc/nios2-elf/4.1.2/../../../../nios2-elf/lib/mno-hw-mul\libsmallc.a(lib_a-memset.o)
 .data          0x00000000        0x0 ../embcpumem_bsp/\libhal_bsp.a(alt_load.o)
 .data          0x00000000        0x0 ../embcpumem_bsp/\libhal_bsp.a(alt_main.o)
 .data          0x00000000        0x0 ../embcpumem_bsp/\libhal_bsp.a(alt_usleep.o)
 .data          0x00000000        0x0 ../embcpumem_bsp/\libhal_bsp.a(alt_sys_init.o)
 .data          0x00000000        0x0 ../embcpumem_bsp/\libhal_bsp.a(alt_busy_sleep.o)
 .data          0x00000000        0x0 ../embcpumem_bsp/\libhal_bsp.a(alt_dcache_flush_all.o)
 .data          0x00000000        0x0 ../embcpumem_bsp/\libhal_bsp.a(alt_icache_flush_all.o)
 .data          0x00000000        0x0 ../embcpumem_bsp/\libhal_bsp.a(altera_nios2_qsys_irq.o)
 .data          0x00000000        0x0 c:/altera/13.0sp1/nios2eds/bin/gnu/h-i686-mingw32/bin/../lib/gcc/nios2-elf/4.1.2/mno-hw-mul\libgcc.a(lib2-divmod.o)
 .data          0x00000000        0x0 c:/altera/13.0sp1/nios2eds/bin/gnu/h-i686-mingw32/bin/../lib/gcc/nios2-elf/4.1.2/mno-hw-mul\libgcc.a(lib2-mul.o)
                0x00008000                _gp = ABSOLUTE ((. + 0x8000))
                0x00008000                PROVIDE (gp, _gp)
 *(.rwdata .rwdata.*)
 *(.sdata .sdata.* .gnu.linkonce.s.*)
 *(.sdata2 .sdata2.* .gnu.linkonce.s2.*)
                0x00000000                . = ALIGN (0x4)
                0x00000000                _edata = ABSOLUTE (.)
                0x00000000                PROVIDE (edata, ABSOLUTE (.))
                0x00000000                PROVIDE (__ram_rwdata_end, ABSOLUTE (.))
                0x010044d0                PROVIDE (__flash_rwdata_start, LOADADDR (.rwdata))

.bss            0x00000000        0xc load address 0x010044d0
                0x00000000                __bss_start = ABSOLUTE (.)
                0x00000000                PROVIDE (__sbss_start, ABSOLUTE (.))
                0x00000000                PROVIDE (___sbss_start, ABSOLUTE (.))
 *(.dynsbss)
 *(.sbss .sbss.* .gnu.linkonce.sb.*)
 .sbss          0x00000000        0xc ../embcpumem_bsp/\libhal_bsp.a(alt_main.o)
                0x00000000                alt_argc
                0x00000004                alt_argv
                0x00000008                alt_envp
 *(.sbss2 .sbss2.* .gnu.linkonce.sb2.*)
 *(.scommon)
                0x0000000c                PROVIDE (__sbss_end, ABSOLUTE (.))
                0x0000000c                PROVIDE (___sbss_end, ABSOLUTE (.))
 *(.dynbss)
 *(.bss .bss.* .gnu.linkonce.b.*)
 .bss           0x0000000c        0x0 ../embcpumem_bsp//obj/HAL/src/crt0.o
 .bss           0x0000000c        0x0 obj/default/hello_world_small.o
 .bss           0x0000000c        0x0 c:/altera/13.0sp1/nios2eds/bin/gnu/h-i686-mingw32/bin/../lib/gcc/nios2-elf/4.1.2/../../../../nios2-elf/lib/mno-hw-mul\libsmallc.a(lib_a-memset.o)
 .bss           0x0000000c        0x0 ../embcpumem_bsp/\libhal_bsp.a(alt_load.o)
 .bss           0x0000000c        0x0 ../embcpumem_bsp/\libhal_bsp.a(alt_main.o)
 .bss           0x0000000c        0x0 ../embcpumem_bsp/\libhal_bsp.a(alt_usleep.o)
 .bss           0x0000000c        0x0 ../embcpumem_bsp/\libhal_bsp.a(alt_sys_init.o)
 .bss           0x0000000c        0x0 ../embcpumem_bsp/\libhal_bsp.a(alt_busy_sleep.o)
 .bss           0x0000000c        0x0 ../embcpumem_bsp/\libhal_bsp.a(alt_dcache_flush_all.o)
 .bss           0x0000000c        0x0 ../embcpumem_bsp/\libhal_bsp.a(alt_icache_flush_all.o)
 .bss           0x0000000c        0x0 ../embcpumem_bsp/\libhal_bsp.a(altera_nios2_qsys_irq.o)
 .bss           0x0000000c        0x0 c:/altera/13.0sp1/nios2eds/bin/gnu/h-i686-mingw32/bin/../lib/gcc/nios2-elf/4.1.2/mno-hw-mul\libgcc.a(lib2-divmod.o)
 .bss           0x0000000c        0x0 c:/altera/13.0sp1/nios2eds/bin/gnu/h-i686-mingw32/bin/../lib/gcc/nios2-elf/4.1.2/mno-hw-mul\libgcc.a(lib2-mul.o)
 *(COMMON)
                0x0000000c                . = ALIGN (0x4)
                0x0000000c                __bss_end = ABSOLUTE (.)

.new_sdram_controller_0
                0x0000000c        0x0 load address 0x010044d0
                0x0000000c                PROVIDE (_alt_partition_new_sdram_controller_0_start, ABSOLUTE (.))
 *(.new_sdram_controller_0. new_sdram_controller_0.*)
                0x0000000c                . = ALIGN (0x4)
                0x0000000c                PROVIDE (_alt_partition_new_sdram_controller_0_end, ABSOLUTE (.))
                0x0000000c                _end = ABSOLUTE (.)
                0x0000000c                end = ABSOLUTE (.)
                0x0000000c                __alt_stack_base = ABSOLUTE (.)
                0x010044d0                PROVIDE (_alt_partition_new_sdram_controller_0_load_addr, LOADADDR (.new_sdram_controller_0))

.onchip_memory2_0
                0x010044d0        0x0
                0x010044d0                PROVIDE (_alt_partition_onchip_memory2_0_start, ABSOLUTE (.))
 *(.onchip_memory2_0. onchip_memory2_0.*)
                0x010044d0                . = ALIGN (0x4)
                0x010044d0                PROVIDE (_alt_partition_onchip_memory2_0_end, ABSOLUTE (.))
                0x010044d0                PROVIDE (_alt_partition_onchip_memory2_0_load_addr, LOADADDR (.onchip_memory2_0))

.stab
 *(.stab)

.stabstr
 *(.stabstr)

.stab.excl
 *(.stab.excl)

.stab.exclstr
 *(.stab.exclstr)

.stab.index
 *(.stab.index)

.stab.indexstr
 *(.stab.indexstr)

.comment        0x00000000       0x26
 *(.comment)
 .comment       0x00000000       0x26 obj/default/hello_world_small.o
                                 0x27 (size before relaxing)
 .comment       0x00000000       0x27 c:/altera/13.0sp1/nios2eds/bin/gnu/h-i686-mingw32/bin/../lib/gcc/nios2-elf/4.1.2/../../../../nios2-elf/lib/mno-hw-mul\libsmallc.a(lib_a-memset.o)
 .comment       0x00000000       0x27 ../embcpumem_bsp/\libhal_bsp.a(alt_load.o)
 .comment       0x00000000       0x27 ../embcpumem_bsp/\libhal_bsp.a(alt_main.o)
 .comment       0x00000000       0x27 ../embcpumem_bsp/\libhal_bsp.a(alt_usleep.o)
 .comment       0x00000000       0x27 ../embcpumem_bsp/\libhal_bsp.a(alt_sys_init.o)
 .comment       0x00000000       0x27 ../embcpumem_bsp/\libhal_bsp.a(alt_busy_sleep.o)
 .comment       0x00000000       0x27 ../embcpumem_bsp/\libhal_bsp.a(alt_dcache_flush_all.o)
 .comment       0x00000000       0x27 ../embcpumem_bsp/\libhal_bsp.a(alt_icache_flush_all.o)
 .comment       0x00000000       0x27 ../embcpumem_bsp/\libhal_bsp.a(altera_nios2_qsys_irq.o)
 .comment       0x00000000       0x27 c:/altera/13.0sp1/nios2eds/bin/gnu/h-i686-mingw32/bin/../lib/gcc/nios2-elf/4.1.2/mno-hw-mul\libgcc.a(lib2-divmod.o)
 .comment       0x00000000       0x27 c:/altera/13.0sp1/nios2eds/bin/gnu/h-i686-mingw32/bin/../lib/gcc/nios2-elf/4.1.2/mno-hw-mul\libgcc.a(lib2-mul.o)

.debug
 *(.debug)

.line
 *(.line)

.debug_srcinfo
 *(.debug_srcinfo)

.debug_sfnames
 *(.debug_sfnames)

.debug_aranges  0x00000000      0x1a8
 *(.debug_aranges)
 .debug_aranges
                0x00000000       0x28 ../embcpumem_bsp//obj/HAL/src/crt0.o
 .debug_aranges
                0x00000028       0x20 obj/default/hello_world_small.o
 .debug_aranges
                0x00000048       0x20 c:/altera/13.0sp1/nios2eds/bin/gnu/h-i686-mingw32/bin/../lib/gcc/nios2-elf/4.1.2/../../../../nios2-elf/lib/mno-hw-mul\libsmallc.a(lib_a-memset.o)
 .debug_aranges
                0x00000068       0x20 ../embcpumem_bsp/\libhal_bsp.a(alt_load.o)
 .debug_aranges
                0x00000088       0x20 ../embcpumem_bsp/\libhal_bsp.a(alt_main.o)
 .debug_aranges
                0x000000a8       0x20 ../embcpumem_bsp/\libhal_bsp.a(alt_usleep.o)
 .debug_aranges
                0x000000c8       0x20 ../embcpumem_bsp/\libhal_bsp.a(alt_sys_init.o)
 .debug_aranges
                0x000000e8       0x20 ../embcpumem_bsp/\libhal_bsp.a(alt_busy_sleep.o)
 .debug_aranges
                0x00000108       0x20 ../embcpumem_bsp/\libhal_bsp.a(alt_dcache_flush_all.o)
 .debug_aranges
                0x00000128       0x20 ../embcpumem_bsp/\libhal_bsp.a(alt_icache_flush_all.o)
 .debug_aranges
                0x00000148       0x20 ../embcpumem_bsp/\libhal_bsp.a(altera_nios2_qsys_irq.o)
 .debug_aranges
                0x00000168       0x20 c:/altera/13.0sp1/nios2eds/bin/gnu/h-i686-mingw32/bin/../lib/gcc/nios2-elf/4.1.2/mno-hw-mul\libgcc.a(lib2-divmod.o)
 .debug_aranges
                0x00000188       0x20 c:/altera/13.0sp1/nios2eds/bin/gnu/h-i686-mingw32/bin/../lib/gcc/nios2-elf/4.1.2/mno-hw-mul\libgcc.a(lib2-mul.o)

.debug_pubnames
                0x00000000      0x201
 *(.debug_pubnames)
 .debug_pubnames
                0x00000000       0x1b obj/default/hello_world_small.o
 .debug_pubnames
                0x0000001b       0x1d c:/altera/13.0sp1/nios2eds/bin/gnu/h-i686-mingw32/bin/../lib/gcc/nios2-elf/4.1.2/../../../../nios2-elf/lib/mno-hw-mul\libsmallc.a(lib_a-memset.o)
 .debug_pubnames
                0x00000038       0x1f ../embcpumem_bsp/\libhal_bsp.a(alt_load.o)
 .debug_pubnames
                0x00000057       0x46 ../embcpumem_bsp/\libhal_bsp.a(alt_main.o)
 .debug_pubnames
                0x0000009d       0x1d ../embcpumem_bsp/\libhal_bsp.a(alt_usleep.o)
 .debug_pubnames
                0x000000ba       0x34 ../embcpumem_bsp/\libhal_bsp.a(alt_sys_init.o)
 .debug_pubnames
                0x000000ee       0x25 ../embcpumem_bsp/\libhal_bsp.a(alt_busy_sleep.o)
 .debug_pubnames
                0x00000113       0x2b ../embcpumem_bsp/\libhal_bsp.a(alt_dcache_flush_all.o)
 .debug_pubnames
                0x0000013e       0x2b ../embcpumem_bsp/\libhal_bsp.a(alt_icache_flush_all.o)
 .debug_pubnames
                0x00000169       0x31 ../embcpumem_bsp/\libhal_bsp.a(altera_nios2_qsys_irq.o)
 .debug_pubnames
                0x0000019a       0x48 c:/altera/13.0sp1/nios2eds/bin/gnu/h-i686-mingw32/bin/../lib/gcc/nios2-elf/4.1.2/mno-hw-mul\libgcc.a(lib2-divmod.o)
 .debug_pubnames
                0x000001e2       0x1f c:/altera/13.0sp1/nios2eds/bin/gnu/h-i686-mingw32/bin/../lib/gcc/nios2-elf/4.1.2/mno-hw-mul\libgcc.a(lib2-mul.o)

.debug_info     0x00000000      0xbd1
 *(.debug_info .gnu.linkonce.wi.*)
 .debug_info    0x00000000       0x56 ../embcpumem_bsp//obj/HAL/src/crt0.o
 .debug_info    0x00000056       0xce obj/default/hello_world_small.o
 .debug_info    0x00000124       0xd7 c:/altera/13.0sp1/nios2eds/bin/gnu/h-i686-mingw32/bin/../lib/gcc/nios2-elf/4.1.2/../../../../nios2-elf/lib/mno-hw-mul\libsmallc.a(lib_a-memset.o)
 .debug_info    0x000001fb      0x12e ../embcpumem_bsp/\libhal_bsp.a(alt_load.o)
 .debug_info    0x00000329      0x14f ../embcpumem_bsp/\libhal_bsp.a(alt_main.o)
 .debug_info    0x00000478       0xab ../embcpumem_bsp/\libhal_bsp.a(alt_usleep.o)
 .debug_info    0x00000523       0xfe ../embcpumem_bsp/\libhal_bsp.a(alt_sys_init.o)
 .debug_info    0x00000621       0xd0 ../embcpumem_bsp/\libhal_bsp.a(alt_busy_sleep.o)
 .debug_info    0x000006f1       0x8d ../embcpumem_bsp/\libhal_bsp.a(alt_dcache_flush_all.o)
 .debug_info    0x0000077e       0x8d ../embcpumem_bsp/\libhal_bsp.a(alt_icache_flush_all.o)
 .debug_info    0x0000080b       0xb7 ../embcpumem_bsp/\libhal_bsp.a(altera_nios2_qsys_irq.o)
 .debug_info    0x000008c2      0x21c c:/altera/13.0sp1/nios2eds/bin/gnu/h-i686-mingw32/bin/../lib/gcc/nios2-elf/4.1.2/mno-hw-mul\libgcc.a(lib2-divmod.o)
 .debug_info    0x00000ade       0xf3 c:/altera/13.0sp1/nios2eds/bin/gnu/h-i686-mingw32/bin/../lib/gcc/nios2-elf/4.1.2/mno-hw-mul\libgcc.a(lib2-mul.o)

.debug_abbrev   0x00000000      0x626
 *(.debug_abbrev)
 .debug_abbrev  0x00000000       0x12 ../embcpumem_bsp//obj/HAL/src/crt0.o
 .debug_abbrev  0x00000012       0x7e obj/default/hello_world_small.o
 .debug_abbrev  0x00000090       0x8b c:/altera/13.0sp1/nios2eds/bin/gnu/h-i686-mingw32/bin/../lib/gcc/nios2-elf/4.1.2/../../../../nios2-elf/lib/mno-hw-mul\libsmallc.a(lib_a-memset.o)
 .debug_abbrev  0x0000011b       0x97 ../embcpumem_bsp/\libhal_bsp.a(alt_load.o)
 .debug_abbrev  0x000001b2       0xad ../embcpumem_bsp/\libhal_bsp.a(alt_main.o)
 .debug_abbrev  0x0000025f       0x5d ../embcpumem_bsp/\libhal_bsp.a(alt_usleep.o)
 .debug_abbrev  0x000002bc       0xb4 ../embcpumem_bsp/\libhal_bsp.a(alt_sys_init.o)
 .debug_abbrev  0x00000370       0x79 ../embcpumem_bsp/\libhal_bsp.a(alt_busy_sleep.o)
 .debug_abbrev  0x000003e9       0x3f ../embcpumem_bsp/\libhal_bsp.a(alt_dcache_flush_all.o)
 .debug_abbrev  0x00000428       0x3f ../embcpumem_bsp/\libhal_bsp.a(alt_icache_flush_all.o)
 .debug_abbrev  0x00000467       0x64 ../embcpumem_bsp/\libhal_bsp.a(altera_nios2_qsys_irq.o)
 .debug_abbrev  0x000004cb       0xe0 c:/altera/13.0sp1/nios2eds/bin/gnu/h-i686-mingw32/bin/../lib/gcc/nios2-elf/4.1.2/mno-hw-mul\libgcc.a(lib2-divmod.o)
 .debug_abbrev  0x000005ab       0x7b c:/altera/13.0sp1/nios2eds/bin/gnu/h-i686-mingw32/bin/../lib/gcc/nios2-elf/4.1.2/mno-hw-mul\libgcc.a(lib2-mul.o)

.debug_line     0x00000000     0x1864
 *(.debug_line)
 .debug_line    0x00000000       0x66 ../embcpumem_bsp//obj/HAL/src/crt0.o
 .debug_line    0x00000066      0x1a8 obj/default/hello_world_small.o
 .debug_line    0x0000020e      0x258 c:/altera/13.0sp1/nios2eds/bin/gnu/h-i686-mingw32/bin/../lib/gcc/nios2-elf/4.1.2/../../../../nios2-elf/lib/mno-hw-mul\libsmallc.a(lib_a-memset.o)
 .debug_line    0x00000466      0x217 ../embcpumem_bsp/\libhal_bsp.a(alt_load.o)
 .debug_line    0x0000067d      0x2d6 ../embcpumem_bsp/\libhal_bsp.a(alt_main.o)
 .debug_line    0x00000953      0x202 ../embcpumem_bsp/\libhal_bsp.a(alt_usleep.o)
 .debug_line    0x00000b55      0x1f7 ../embcpumem_bsp/\libhal_bsp.a(alt_sys_init.o)
 .debug_line    0x00000d4c      0x25e ../embcpumem_bsp/\libhal_bsp.a(alt_busy_sleep.o)
 .debug_line    0x00000faa      0x1b5 ../embcpumem_bsp/\libhal_bsp.a(alt_dcache_flush_all.o)
 .debug_line    0x0000115f      0x1b5 ../embcpumem_bsp/\libhal_bsp.a(alt_icache_flush_all.o)
 .debug_line    0x00001314      0x1e7 ../embcpumem_bsp/\libhal_bsp.a(altera_nios2_qsys_irq.o)
 .debug_line    0x000014fb      0x24f c:/altera/13.0sp1/nios2eds/bin/gnu/h-i686-mingw32/bin/../lib/gcc/nios2-elf/4.1.2/mno-hw-mul\libgcc.a(lib2-divmod.o)
 .debug_line    0x0000174a      0x11a c:/altera/13.0sp1/nios2eds/bin/gnu/h-i686-mingw32/bin/../lib/gcc/nios2-elf/4.1.2/mno-hw-mul\libgcc.a(lib2-mul.o)

.debug_frame    0x00000000      0x220
 *(.debug_frame)
 .debug_frame   0x00000000       0x30 obj/default/hello_world_small.o
 .debug_frame   0x00000030       0x20 c:/altera/13.0sp1/nios2eds/bin/gnu/h-i686-mingw32/bin/../lib/gcc/nios2-elf/4.1.2/../../../../nios2-elf/lib/mno-hw-mul\libsmallc.a(lib_a-memset.o)
 .debug_frame   0x00000050       0x38 ../embcpumem_bsp/\libhal_bsp.a(alt_load.o)
 .debug_frame   0x00000088       0x28 ../embcpumem_bsp/\libhal_bsp.a(alt_main.o)
 .debug_frame   0x000000b0       0x20 ../embcpumem_bsp/\libhal_bsp.a(alt_usleep.o)
 .debug_frame   0x000000d0       0x38 ../embcpumem_bsp/\libhal_bsp.a(alt_sys_init.o)
 .debug_frame   0x00000108       0x28 ../embcpumem_bsp/\libhal_bsp.a(alt_busy_sleep.o)
 .debug_frame   0x00000130       0x20 ../embcpumem_bsp/\libhal_bsp.a(alt_dcache_flush_all.o)
 .debug_frame   0x00000150       0x20 ../embcpumem_bsp/\libhal_bsp.a(alt_icache_flush_all.o)
 .debug_frame   0x00000170       0x20 ../embcpumem_bsp/\libhal_bsp.a(altera_nios2_qsys_irq.o)
 .debug_frame   0x00000190       0x70 c:/altera/13.0sp1/nios2eds/bin/gnu/h-i686-mingw32/bin/../lib/gcc/nios2-elf/4.1.2/mno-hw-mul\libgcc.a(lib2-divmod.o)
 .debug_frame   0x00000200       0x20 c:/altera/13.0sp1/nios2eds/bin/gnu/h-i686-mingw32/bin/../lib/gcc/nios2-elf/4.1.2/mno-hw-mul\libgcc.a(lib2-mul.o)

.debug_str      0x00000000      0x5c6
 *(.debug_str)
 .debug_str     0x00000000       0x97 obj/default/hello_world_small.o
                                 0xc3 (size before relaxing)
 .debug_str     0x00000097       0xe9 c:/altera/13.0sp1/nios2eds/bin/gnu/h-i686-mingw32/bin/../lib/gcc/nios2-elf/4.1.2/../../../../nios2-elf/lib/mno-hw-mul\libsmallc.a(lib_a-memset.o)
                                0x17e (size before relaxing)
 .debug_str     0x00000180      0x116 ../embcpumem_bsp/\libhal_bsp.a(alt_load.o)
                                0x1ab (size before relaxing)
 .debug_str     0x00000296       0x96 ../embcpumem_bsp/\libhal_bsp.a(alt_main.o)
                                0x158 (size before relaxing)
 .debug_str     0x0000032c       0x27 ../embcpumem_bsp/\libhal_bsp.a(alt_usleep.o)
                                 0xe1 (size before relaxing)
 .debug_str     0x00000353       0x4c ../embcpumem_bsp/\libhal_bsp.a(alt_sys_init.o)
                                0x12f (size before relaxing)
 .debug_str     0x0000039f       0x42 ../embcpumem_bsp/\libhal_bsp.a(alt_busy_sleep.o)
                                0x104 (size before relaxing)
 .debug_str     0x000003e1       0x34 ../embcpumem_bsp/\libhal_bsp.a(alt_dcache_flush_all.o)
                                 0xee (size before relaxing)
 .debug_str     0x00000415       0x34 ../embcpumem_bsp/\libhal_bsp.a(alt_icache_flush_all.o)
                                 0xee (size before relaxing)
 .debug_str     0x00000449       0x3b ../embcpumem_bsp/\libhal_bsp.a(altera_nios2_qsys_irq.o)
                                0x11e (size before relaxing)
 .debug_str     0x00000484      0x10b c:/altera/13.0sp1/nios2eds/bin/gnu/h-i686-mingw32/bin/../lib/gcc/nios2-elf/4.1.2/mno-hw-mul\libgcc.a(lib2-divmod.o)
                                0x1b4 (size before relaxing)
 .debug_str     0x0000058f       0x37 c:/altera/13.0sp1/nios2eds/bin/gnu/h-i686-mingw32/bin/../lib/gcc/nios2-elf/4.1.2/mno-hw-mul\libgcc.a(lib2-mul.o)
                                0x175 (size before relaxing)

.debug_loc      0x00000000      0x371
 *(.debug_loc)
 .debug_loc     0x00000000       0x2e obj/default/hello_world_small.o
 .debug_loc     0x0000002e       0x4f c:/altera/13.0sp1/nios2eds/bin/gnu/h-i686-mingw32/bin/../lib/gcc/nios2-elf/4.1.2/../../../../nios2-elf/lib/mno-hw-mul\libsmallc.a(lib_a-memset.o)
 .debug_loc     0x0000007d       0x1f ../embcpumem_bsp/\libhal_bsp.a(alt_load.o)
 .debug_loc     0x0000009c       0x1f ../embcpumem_bsp/\libhal_bsp.a(alt_main.o)
 .debug_loc     0x000000bb       0x13 ../embcpumem_bsp/\libhal_bsp.a(alt_usleep.o)
 .debug_loc     0x000000ce       0x32 ../embcpumem_bsp/\libhal_bsp.a(alt_sys_init.o)
 .debug_loc     0x00000100       0x50 ../embcpumem_bsp/\libhal_bsp.a(alt_busy_sleep.o)
 .debug_loc     0x00000150      0x1d2 c:/altera/13.0sp1/nios2eds/bin/gnu/h-i686-mingw32/bin/../lib/gcc/nios2-elf/4.1.2/mno-hw-mul\libgcc.a(lib2-divmod.o)
 .debug_loc     0x00000322       0x4f c:/altera/13.0sp1/nios2eds/bin/gnu/h-i686-mingw32/bin/../lib/gcc/nios2-elf/4.1.2/mno-hw-mul\libgcc.a(lib2-mul.o)

.debug_macinfo
 *(.debug_macinfo)

.debug_weaknames
 *(.debug_weaknames)

.debug_funcnames
 *(.debug_funcnames)

.debug_typenames
 *(.debug_typenames)

.debug_varnames
 *(.debug_varnames)

.debug_alt_sim_info
                0x00000000       0x40
 *(.debug_alt_sim_info)
 .debug_alt_sim_info
                0x00000000       0x10 ../embcpumem_bsp//obj/HAL/src/crt0.o
 .debug_alt_sim_info
                0x00000010       0x30 ../embcpumem_bsp/\libhal_bsp.a(alt_busy_sleep.o)
                0x01000000                __alt_data_end = 0x1000000
                0x01000000                PROVIDE (__alt_stack_pointer, __alt_data_end)
                0x0000000c                PROVIDE (__alt_stack_limit, __alt_stack_base)
                0x0000000c                PROVIDE (__alt_heap_start, end)
                0x01000000                PROVIDE (__alt_heap_limit, 0x1000000)
OUTPUT(embcpumem.elf elf32-littlenios2)

.debug_ranges   0x00000000       0x20
 .debug_ranges  0x00000000       0x20 ../embcpumem_bsp//obj/HAL/src/crt0.o
